V/DownloadManager( 1018): updateDownload DB read start id :  11, Status:200, largemode : 0, settingMode : 0
V/LFT     ( 1018): isReadyToStart mId, mStatus=11:200
D/DownloadManager( 1018): isReadyToStart : return false3
V/DownloadManager( 1018): updateDownload DB read start id :  12, Status:200, largemode : 0, settingMode : 0
V/LFT     ( 1018): isReadyToStart mId, mStatus=12:200
D/DownloadManager( 1018): isReadyToStart : return false3
V/DownloadManager( 1018): updateDownload DB read start id :  13, Status:200, largemode : 0, settingMode : 0
V/LFT     ( 1018): isReadyToStart mId, mStatus=13:200
D/DownloadManager( 1018): isReadyToStart : return false3
V/DownloadManager( 1018): updateDownload DB read start id :  14, Status:200, largemode : 0, settingMode : 0
V/LFT     ( 1018): isReadyToStart mId, mStatus=14:200
D/DownloadManager( 1018): isReadyToStart : return false3
V/DownloadManager( 1018): updateDownload DB read start id :  15, Status:200, largemode : 0, settingMode : 0
V/LFT     ( 1018): isReadyToStart mId, mStatus=15:200
D/DownloadManager( 1018): isReadyToStart : return false3
V/DownloadManager( 1018): updateDownload DB read start id :  16, Status:200, largemode : 0, settingMode : 0
V/LFT     ( 1018): isReadyToStart mId, mStatus=16:200
D/DownloadManager( 1018): isReadyToStart : return false3
V/DownloadManager( 1018): updateDownload DB read start id :  17, Status:200, largemode : 0, settingMode : 0
V/LFT     ( 1018): isReadyToStart mId, mStatus=17:200
D/DownloadManager( 1018): isReadyToStart : return false3
V/DownloadManager( 1018): updateDownload DB read start id :  18, Status:200, largemode : 0, settingMode : 0
V/LFT     ( 1018): isReadyToStart mId, mStatus=18:200
D/DownloadManager( 1018): isReadyToStart : return false3
V/DownloadManager( 1018): updateDownload DB read start id :  19, Status:200, largemode : 0, settingMode : 0
V/LFT     ( 1018): isReadyToStart mId, mStatus=19:200
D/DownloadManager( 1018): isReadyToStart : return false3
V/DownloadManager( 1018): updateDownload DB read start id :  20, Status:200, largemode : 0, settingMode : 0
V/LFT     ( 1018): isReadyToStart mId, mStatus=20:200
D/DownloadManager( 1018): isReadyToStart : return false3
V/DownloadManager( 1018): updateDownload DB read start id :  21, Status:200, largemode : 0, settingMode : 0
V/LFT     ( 1018): isReadyToStart mId, mStatus=21:200
D/DownloadManager( 1018): isReadyToStart : return false3
V/DownloadManager( 1018): updateDownload DB read start id :  22, Status:200, largemode : 0, settingMode : 0
V/LFT     ( 1018): isReadyToStart mId, mStatus=22:200
D/DownloadManager( 1018): isReadyToStart : return false3
V/DownloadManager( 1018): updateDownload DB read start id :  23, Status:200, largemode : 0, settingMode : 0
V/LFT     ( 1018): isReadyToStart mId, mStatus=23:200
D/DownloadManager( 1018): isReadyToStart : return false3
V/DownloadManager( 1018): updateDownload DB read start id :  24, Status:200, largemode : 0, settingMode : 0
V/LFT     ( 1018): isReadyToStart mId, mStatus=24:200
D/DownloadManager( 1018): isReadyToStart : return false3
V/DownloadManager( 1018): updateDownload DB read start id :  25, Status:200, largemode : 0, settingMode : 0
V/LFT     ( 1018): isReadyToStart mId, mStatus=25:200
D/DownloadManager( 1018): isReadyToStart : return false3
V/DownloadManager( 1018): updateDownload DB read start id :  26, Status:200, largemode : 0, settingMode : 0
V/LFT     ( 1018): isReadyToStart mId, mStatus=26:200
D/DownloadManager( 1018): isReadyToStart : return false3
V/DownloadManager( 1018): updateDownload DB read start id :  27, Status:200, largemode : 0, settingMode : 0
V/LFT     ( 1018): isReadyToStart mId, mStatus=27:200
D/DownloadManager( 1018): isReadyToStart : return false3
V/DownloadManager( 1018): updateDownload DB read start id :  28, Status:200, largemode : 0, settingMode : 0
V/LFT     ( 1018): isReadyToStart mId, mStatus=28:200
D/DownloadManager( 1018): isReadyToStart : return false3
V/DownloadManager( 1018): updateDownload DB read start id :  29, Status:200, largemode : 0, settingMode : 0
V/LFT     ( 1018): isReadyToStart mId, mStatus=29:200
D/DownloadManager( 1018): isReadyToStart : return false3
V/DownloadManager( 1018): updateDownload DB read start id :  30, Status:200, largemode : 0, settingMode : 0
V/LFT     ( 1018): isReadyToStart mId, mStatus=30:200
D/DownloadManager( 1018): isReadyToStart : return false3
V/DownloadManager( 1018): updateDownload DB read start id :  31, Status:200, largemode : 0, settingMode : 0
V/LFT     ( 1018): isReadyToStart mId, mStatus=31:200
D/DownloadManager( 1018): isReadyToStart : return false3
V/DownloadManager( 1018): updateDownload DB read start id :  32, Status:200, largemode : 0, settingMode : 0
V/LFT     ( 1018): isReadyToStart mId, mStatus=32:200
D/DownloadManager( 1018): isReadyToStart : return false3
V/DownloadManager( 1018): updateDownload DB read start id :  33, Status:200, largemode : 0, settingMode : 0
V/LFT     ( 1018): isReadyToStart mId, mStatus=33:200
D/DownloadManager( 1018): isReadyToStart : return false3
V/DownloadManager( 1018): updateDownload DB read start id :  34, Status:200, largemode : 0, settingMode : 0
V/LFT     ( 1018): isReadyToStart mId, mStatus=34:200
D/DownloadManager( 1018): isReadyToStart : return false3
V/DownloadManager( 1018): updateDownload DB read start id :  35, Status:200, largemode : 0, settingMode : 0
V/LFT     ( 1018): isReadyToStart mId, mStatus=35:200
D/DownloadManager( 1018): isReadyToStart : return false3
V/DownloadManager( 1018): updateDownload DB read start id :  36, Status:200, largemode : 0, settingMode : 0
V/LFT     ( 1018): isReadyToStart mId, mStatus=36:200
D/DownloadManager( 1018): isReadyToStart : return false3
V/DownloadManager( 1018): updateDownload DB read start id :  37, Status:200, largemode : 0, settingMode : 0
V/LFT     ( 1018): isReadyToStart mId, mStatus=37:200
D/DownloadManager( 1018): isReadyToStart : return false3
V/DownloadManager( 1018): updateDownload DB read start id :  38, Status:200, largemode : 0, settingMode : 0
V/LFT     ( 1018): isReadyToStart mId, mStatus=38:200
D/DownloadManager( 1018): isReadyToStart : return false3
V/DownloadManager( 1018): updateDownload DB read start id :  39, Status:200, largemode : 0, settingMode : 0
V/LFT     ( 1018): isReadyToStart mId, mStatus=39:200
D/DownloadManager( 1018): isReadyToStart : return false3
V/DownloadManager( 1018): updateDownload DB read start id :  40, Status:200, largemode : 0, settingMode : 0
V/LFT     ( 1018): isReadyToStart mId, mStatus=40:200
D/DownloadManager( 1018): isReadyToStart : return false3
V/DownloadManager( 1018): updateDownload DB read start id :  41, Status:200, largemode : 0, settingMode : 0
V/LFT     ( 1018): isReadyToStart mId, mStatus=41:200
D/DownloadManager( 1018): isReadyToStart : return false3
V/DownloadManager( 1018): updateDownload DB read start id :  42, Status:200, largemode : 0, settingMode : 0
V/LFT     ( 1018): isReadyToStart mId, mStatus=42:200
D/DownloadManager( 1018): isReadyToStart : return false3
V/DownloadManager( 1018): updateDownload DB read start id :  43, Status:200, largemode : 0, settingMode : 0
V/LFT     ( 1018): isReadyToStart mId, mStatus=43:200
D/DownloadManager( 1018): isReadyToStart : return false3
V/DownloadManager( 1018): updateDownload DB read start id :  44, Status:200, largemode : 0, settingMode : 0
V/LFT     ( 1018): isReadyToStart mId, mStatus=44:200
D/DownloadManager( 1018): isReadyToStart : return false3
V/DownloadManager( 1018): updateDownload DB read start id :  45, Status:200, largemode : 0, settingMode : 0
V/LFT     ( 1018): isReadyToStart mId, mStatus=45:200
D/DownloadManager( 1018): isReadyToStart : return false3
V/DownloadManager( 1018): updateDownload DB read start id :  46, Status:200, largemode : 0, settingMode : 0
V/LFT     ( 1018): isReadyToStart mId, mStatus=46:200
D/DownloadManager( 1018): isReadyToStart : return false3
V/DownloadManager( 1018): updateDownload DB read start id :  47, Status:200, largemode : 0, settingMode : 0
V/LFT     ( 1018): isReadyToStart mId, mStatus=47:200
D/DownloadManager( 1018): isReadyToStart : return false3
V/DownloadManager( 1018): updateDownload DB read start id :  48, Status:200, largemode : 0, settingMode : 0
V/LFT     ( 1018): isReadyToStart mId, mStatus=48:200
D/DownloadManager( 1018): isReadyToStart : return false3
V/DownloadManager( 1018): updateDownload DB read start id :  49, Status:200, largemode : 0, settingMode : 0
V/LFT     ( 1018): isReadyToStart mId, mStatus=49:200
D/DownloadManager( 1018): isReadyToStart : return false3
V/DownloadManager( 1018): updateDownload DB read start id :  50, Status:200, largemode : 0, settingMode : 0
V/LFT     ( 1018): isReadyToStart mId, mStatus=50:200
D/DownloadManager( 1018): isReadyToStart : return false3
V/DownloadManager( 1018): updateDownload DB read start id :  51, Status:200, largemode : 0, settingMode : 0
V/LFT     ( 1018): isReadyToStart mId, mStatus=51:200
D/DownloadManager( 1018): isReadyToStart : return false3
V/DownloadManager( 1018): updateDownload DB read start id :  52, Status:200, largemode : 0, settingMode : 0
V/LFT     ( 1018): isReadyToStart mId, mStatus=52:200
D/DownloadManager( 1018): isReadyToStart : return false3
V/DownloadManager( 1018): updateDownload DB read start id :  53, Status:200, largemode : 0, settingMode : 0
V/LFT     ( 1018): isReadyToStart mId, mStatus=53:200
D/DownloadManager( 1018): isReadyToStart : return false3
V/DownloadManager( 1018): updateDownload DB read start id :  54, Status:200, largemode : 0, settingMode : 0
V/LFT     ( 1018): isReadyToStart mId, mStatus=54:200
D/DownloadManager( 1018): isReadyToStart : return false3
V/DownloadManager( 1018): updateDownload DB read start id :  55, Status:200, largemode : 0, settingMode : 0
V/LFT     ( 1018): isReadyToStart mId, mStatus=55:200
D/DownloadManager( 1018): isReadyToStart : return false3
V/DownloadManager( 1018): updateDownload DB read start id :  56, Status:200, largemode : 0, settingMode : 0
V/LFT     ( 1018): isReadyToStart mId, mStatus=56:200
D/DownloadManager( 1018): isReadyToStart : return false3
V/DownloadManager( 1018): updateDownload DB read start id :  57, Status:200, largemode : 0, settingMode : 0
V/LFT     ( 1018): isReadyToStart mId, mStatus=57:200
D/DownloadManager( 1018): isReadyToStart : return false3
V/DownloadManager( 1018): updateDownload DB read start id :  58, Status:200, largemode : 0, settingMode : 0
V/LFT     ( 1018): isReadyToStart mId, mStatus=58:200
D/DownloadManager( 1018): isReadyToStart : return false3
V/DownloadManager( 1018): updateDownload DB read start id :  59, Status:200, largemode : 0, settingMode : 0
V/LFT     ( 1018): isReadyToStart mId, mStatus=59:200
D/DownloadManager( 1018): isReadyToStart : return false3
V/DownloadManager( 1018): updateDownload DB read start id :  60, Status:200, largemode : 0, settingMode : 0
V/LFT     ( 1018): isReadyToStart mId, mStatus=60:200
D/DownloadManager( 1018): isReadyToStart : return false3
V/DownloadManager( 1018): updateDownload DB read start id :  61, Status:200, largemode : 0, settingMode : 0
V/LFT     ( 1018): isReadyToStart mId, mStatus=61:200
D/DownloadManager( 1018): isReadyToStart : return false3
V/DownloadManager( 1018): updateDownload DB read start id :  62, Status:200, largemode : 0, settingMode : 0
V/LFT     ( 1018): isReadyToStart mId, mStatus=62:200
D/DownloadManager( 1018): isReadyToStart : return false3
V/DownloadManager( 1018): updateDownload DB read start id :  63, Status:200, largemode : 0, settingMode : 0
V/LFT     ( 1018): isReadyToStart mId, mStatus=63:200
D/DownloadManager( 1018): isReadyToStart : return false3
V/DownloadManager( 1018): updateDownload DB read start id :  64, Status:200, largemode : 0, settingMode : 0
V/LFT     ( 1018): isReadyToStart mId, mStatus=64:200
D/DownloadManager( 1018): isReadyToStart : return false3
V/DownloadManager( 1018): updateDownload DB read start id :  65, Status:200, largemode : 0, settingMode : 0
V/LFT     ( 1018): isReadyToStart mId, mStatus=65:200
D/DownloadManager( 1018): isReadyToStart : return false3
V/DownloadManager( 1018): updateDownload DB read start id :  66, Status:200, largemode : 0, settingMode : 0
V/LFT     ( 1018): isReadyToStart mId, mStatus=66:200
D/DownloadManager( 1018): isReadyToStart : return false3
V/DownloadManager( 1018): updateDownload DB read start id :  67, Status:200, largemode : 0, settingMode : 0
V/LFT     ( 1018): isReadyToStart mId, mStatus=67:200
D/DownloadManager( 1018): isReadyToStart : return false3
V/DownloadManager( 1018): updateDownload DB read start id :  68, Status:200, largemode : 0, settingMode : 0
V/LFT     ( 1018): isReadyToStart mId, mStatus=68:200
D/DownloadManager( 1018): isReadyToStart : return false3
V/DownloadManager( 1018): updateDownload DB read start id :  69, Status:200, largemode : 0, settingMode : 0
V/LFT     ( 1018): isReadyToStart mId, mStatus=69:200
D/DownloadManager( 1018): isReadyToStart : return false3
V/DownloadManager( 1018): updateDownload DB read start id :  70, Status:200, largemode : 0, settingMode : 0
V/LFT     ( 1018): isReadyToStart mId, mStatus=70:200
D/DownloadManager( 1018): isReadyToStart : return false3
V/DownloadManager( 1018): updateDownload DB read start id :  71, Status:200, largemode : 0, settingMode : 0
V/LFT     ( 1018): isReadyToStart mId, mStatus=71:200
D/DownloadManager( 1018): isReadyToStart : return false3
V/DownloadManager( 1018): updateDownload DB read start id :  72, Status:200, largemode : 0, settingMode : 0
V/LFT     ( 1018): isReadyToStart mId, mStatus=72:200
D/DownloadManager( 1018): isReadyToStart : return false3
V/DownloadManager( 1018): updateDownload DB read start id :  73, Status:200, largemode : 0, settingMode : 0
V/LFT     ( 1018): isReadyToStart mId, mStatus=73:200
D/DownloadManager( 1018): isReadyToStart : return false3
V/DownloadManager( 1018): updateDownload DB read start id :  74, Status:200, largemode : 0, settingMode : 0
V/LFT     ( 1018): isReadyToStart mId, mStatus=74:200
D/DownloadManager( 1018): isReadyToStart : return false3
D/MediaScannerService( 1018): [MMF] MediaScannerService.scanFile: /storage/sdcard0/freegee/cwm-6.0.4.5-ls970.zip /mimeType: application/zip/checkNoMedia :false
V/MediaProvider( 1018): [MMF] attachVolume : volume=null
V/MediaProvider( 1018): [MMF] attachVolume in Single File Scan
V/MediaProvider( 1018): [MMF] attachVolume #1 >> sCurrentExternal : external volume : external
V/MediaProvider( 1018): [MMF] attachVolume #2 >> sCurrentExternal : external volume : external
D/MediaProvider( 1018): [MMF] MediaProvider >> insert [uri]:content://media/external
I/MusicWidget( 2201): _mediaDataObserver onChange()
I/MusicWidget( 2201): beingMusicWidget_4x2() result::true
I/MusicWidget( 2201): beingMusicWidget_4x1() result::false
I/MusicWidget( 2201): performUpdate()
I/MusicWidget( 2201): currentTheme :: com.lge.launcher2
I/MusicWidget( 2201): status::mounted
I/MusicWidget( 2201): defaultAppWidget()_4x2
I/MusicWidget( 2201): setRemoteView ( true ) 
I/MusicWidget( 2201): setDefaultViewmLayoutId()
I/MusicWidget( 2201): currentTheme :: com.lge.launcher2
I/MusicWidget( 2201): isDefaultTheme :: Default Theme 
I/MusicBrowser( 2219): [MediaPlaybackService.java:1260:onChange()] oooooo 
V/MusicBrowser( 2219): [MediaPlaybackService.java:4303:getPath()] oooooo {mFileToPlay=null}
I/MusicWidget( 2201): no_Image :: android.graphics.Bitmap@42aada58
I/MusicWidget( 2201): appWidgetViewUpdate()_4x2
I/MusicWidget( 2201): linkButtons()_4x2
I/MusicWidget( 2201): pushUpdate()_4x2
D/MediaProvider( 1018): [MMF] MediaProvider >> update [uri]:content://media/external/file/7273
D/StateMachine(  562): handleMessage: E msg.what=131155
D/StateMachine(  562): processMsg: ConnectedState
D/WifiStateMachine(  562): ConnectedState{ what=131155 when=-2ms arg1=14 }
D/StateMachine(  562): processMsg: L2ConnectedState
D/WifiStateMachine(  562): L2ConnectedState{ what=131155 when=-3ms arg1=14 }
D/wpa_supplicant( 1499): wpa_s 0x41024fe0 cmd SIGNAL_POLL
D/wpa_supplicant( 1499): nl80211: survey data missing!
E/WifiStateMachine(  562): Fetch RSSI NEW RSSI = -43
D/StateMachine(  562): handleMessage: X
I/MusicBrowser( 2219): [MediaPlaybackService.java:1274:handleMessage()] oooooo mGroupIndexHandler msg.what : 0
I/MusicBrowser( 2219): [MediaPlaybackService.java:updateGroupIndexData()] oooooo 
I/MusicBrowser( 2219): [MediaPlaybackService.java:destroyIndexCountProvider()] oooooo 
I/MusicBrowser( 2219): [GroupIndexApi.java:259:groupingIndexDataProviderStop()] oooooo groupingIndexDataProviderStop 
I/MusicBrowser( 2219): [GroupIndexApi.java:groupingIndexDataProviderStart()] oooooo 
W/SignalStrength(  760): [CDMA] getCdmaLevel_SPCS Dbm =-110
W/SignalStrength(  760): [CDMA] getCdmaLevel_SPCS Ecio =-95
W/SignalStrength(  760): getCdmaLevel_SPCS=1
W/SignalStrength(  760): getLevel=1
D/StatusBar.NetworkController(  760): refreshViews connected={ wifi } level=1 combinedSignalIconId=0x7f0203a4/com.android.systemui:drawable/stat_sys_wifi_signal_4_fully combinedActivityIconId=0x0 mobileLabel=Sprint wifiLabel=dd-wrtxxxxXXXXxxxxXXXX emergencyOnly=false combinedLabel=dd-wrtxxxxXXXXxxxxXXXX mAirplaneMode=false mDataActivity=0 mPhoneSignalIconId=0x7f020343 mDataDirectionIconId=0x0 mDataSignalIconId=0x7f020343 mDataTypeIconId=0x0 mNoSimIconId=0x0 mThirdTypeIconId=0x0 mWifiIconId=0x7f0203a4 mBluetoothTetherIconId=0x108054f
D/StatusBar.NetworkController(  760): changing data overlay icon id to 0
D/Freegee ( 5888): script result was [t]
D/Freegee ( 5888): path is /sdcard/freegee/cwm-6.0.4.5-ls970.zip
D/Freegee ( 5888): Path was /sdcard/freegee/cwm-6.0.4.5-ls970.zip
D/Freegee ( 5888): Finding update package...
D/Freegee ( 5888): I:Update location: /storage/sdcard0/freegee/cwm-6.0.4.5-ls970.zip
D/Freegee ( 5888): Opening update package...
D/Freegee ( 5888): I:1 key(s) loaded from /data/local/tmp/keys
D/Freegee ( 5888): Verifying update package...
D/Freegee ( 5888): I:comment is 1738 bytes; signature 1720 bytes from end
D/Freegee ( 5888): I:whole-file signature verified against key 0
D/Freegee ( 5888): I:verify_file returned 0
D/Freegee ( 5888): path is: /storage/sdcard0/freegee/cwm-6.0.4.5-ls970.zip
D/Freegee ( 5888): Installing update...
D/RootTools v3.3( 5888): Command 0 finished.
V/Freegee ( 5888): Exit code is: 0
V/Freegee ( 5888): actionsleft is: 0
D/WindowManager(  562): [DSDR] mDualScreenActivated=false mDualScreenConnected=false
I/Choreographer( 5888): Skipped 79 frames!  The application may be doing too much work on its main thread.
V/WifiServiceExt(  562): checkPollTimer Cnt= 0 rssi =-43 threshold=-85
D/TELProfiling(  950):  [getValue] --->  key  lgu_global_roaming Vale null
D/TELProfiling(  950):  [getValue] --->  key  lgu_global_roaming Vale null
W/SignalStrength(  950): [Helen] Not AT&T
W/SignalStrength(  950): SignalStrength after validate=SignalStrength: 99 0 -110 -95 -120 -1 -1 12 -113 -10 36 2147483647 2147483647 cdma 0
W/SignalStrength(  950): [Helen] Enter RSSI - mGsmSignalStrength=99Dbm=-95
W/SignalStrength(  760): [CDMA] getCdmaLevel_SPCS Dbm =-110
W/SignalStrength(  760): [CDMA] getCdmaLevel_SPCS Ecio =-95
W/SignalStrength(  760): getCdmaLevel_SPCS=1
W/SignalStrength(  760): getLevel=1
W/SignalStrength(  760): [CDMA] getCdmaLevel_SPCS Dbm =-110
W/SignalStrength(  760): [CDMA] getCdmaLevel_SPCS Ecio =-95
W/SignalStrength(  760): getCdmaLevel_SPCS=1
W/SignalStrength(  760): getLevel=1
W/SignalStrength(  562): [CDMA] getCdmaLevel_SPCS Dbm =-110
W/SignalStrength(  562): [CDMA] getCdmaLevel_SPCS Ecio =-95
W/SignalStrength(  760): [CDMA] getCdmaLevel_SPCS Dbm =-110
W/SignalStrength(  562): getCdmaLevel_SPCS=1
D/StatusBar.NetworkController(  760): onSignalStrengthsChanged signalStrength=SignalStrength: 99 0 -110 -95 -120 -1 -1 12 -113 -10 36 2147483647 2147483647 gsm|lte 14 level=1
W/SignalStrength(  760): [CDMA] getCdmaLevel_SPCS Ecio =-95
W/SignalStrength(  760): getCdmaLevel_SPCS=1
W/SignalStrength(  562): getLevel=1
D/LGATCMDService(  991): LGATCMDIntentReceiver Intent action = SLATETEST_GET_RSSI
W/SignalStrength(  760): [CDMA] getCdmaLevel_SPCS Dbm =-110
W/SignalStrength(  760): [CDMA] getCdmaLevel_SPCS Ecio =-95
W/SignalStrength(  760): getCdmaLevel_SPCS=1
W/SignalStrength(  760): getLevel=1
D/LGPhoneStatusBarPolicy(  760): ACTION_SIGNAL_STRENGTH_CHANGED!!!
W/SignalStrength(  950): [CDMA] getCdmaLevel_SPCS Dbm =-110
W/SignalStrength(  950): [CDMA] getCdmaLevel_SPCS Ecio =-95
W/SignalStrength(  950): getCdmaLevel_SPCS=1
W/SignalStrength(  950): getLevel=1
D/PhoneInterfaceManager(  950): [PhoneIntfMgr] sigLevel = 1
D/StatusBar.NetworkController(  760): refreshViews connected={ wifi } level=1 combinedSignalIconId=0x7f0203a4/com.android.systemui:drawable/stat_sys_wifi_signal_4_fully combinedActivityIconId=0x0 mobileLabel=Sprint wifiLabel=dd-wrtxxxxXXXXxxxxXXXX emergencyOnly=false combinedLabel=dd-wrtxxxxXXXXxxxxXXXX mAirplaneMode=false mDataActivity=0 mPhoneSignalIconId=0x7f020343 mDataDirectionIconId=0x0 mDataSignalIconId=0x7f020343 mDataTypeIconId=0x0 mNoSimIconId=0x0 mThirdTypeIconId=0x0 mWifiIconId=0x7f0203a4 mBluetoothTetherIconId=0x108054f
D/PhoneInterfaceManager(  950): [PhoneIntfMgr] is not LTE-VT
D/StateMachine(  562): handleMessage: E msg.what=131155
D/StateMachine(  562): processMsg: ConnectedState
D/WifiStateMachine(  562): ConnectedState{ what=131155 when=-3ms arg1=14 }
D/StateMachine(  562): processMsg: L2ConnectedState
D/WifiStateMachine(  562): L2ConnectedState{ what=131155 when=-4ms arg1=14 }
D/wpa_supplicant( 1499): wpa_s 0x41024fe0 cmd SIGNAL_POLL
D/wpa_supplicant( 1499): nl80211: survey data missing!
E/WifiStateMachine(  562): Fetch RSSI NEW RSSI = -43
D/StateMachine(  562): handleMessage: X
V/InputTransport(  562): publish-Motion: channel '427b9728 edu.shell.freegee/edu.shell.freegee.FreeGee (server)' seq=141, action=Down, pointerCount=1, downTime=944012908000, eventTime=944012908000
D/PowerManagerService(  562): userActivity mLastEventTime=930251 time=944012 mUserActivityAllowed=true mUserState=0x7 mWakeLockState=0x0 mProximitySensorActive=false timeoutOverride=-1 force=false
I/ViewRootImpl( 5888): ViewRoot's MotionEvent : Down
V/InputTransport(  562): publish-Motion: channel '427b9728 edu.shell.freegee/edu.shell.freegee.FreeGee (server)' seq=143, action=Up, pointerCount=1, downTime=944012908000, eventTime=944046908000
D/AudioManager( 5888): playSoundEffect() : effectType = 0Request Package = edu.shell.freegee
V/AudioFlinger(  226): isRecording().. VoiceActivationState = none
D/AudioService(  562): isRecording = false, mVoiceActivationState = 0
V/SoundPool(  562): play sampleID=1, leftVolume=1.000000, rightVolume=1.000000, priority=0, loop=0, rate=1.000000
V/AudioPolicyService(  226): getRingerMode() mRingerMode:2
V/AudioFlinger(  226): isRecording().. VoiceActivationState = none
V/SoundPool(  562): mState = 0 mChannelID=16, mNumChannels=1, mPos = 8192, mPriority=-1, mLoop=0
V/SoundPool(  562): mState = 0 mChannelID=0, mNumChannels=1, mPos = 0, mPriority=-1, mLoop=0
V/SoundPool(  562): mState = 0 mChannelID=0, mNumChannels=1, mPos = 0, mPriority=-1, mLoop=0
V/SoundPool(  562): mState = 0 mChannelID=0, mNumChannels=1, mPos = 0, mPriority=-1, mLoop=0
V/SoundPool(  562): Allocated active channel
V/SoundPool(  562): play channel 0x6389ab40 state = 0
I/ViewRootImpl( 5888): ViewRoot's MotionEvent : Up
V/SoundPool(  562): SoundChannel::play 0x6389ab40: sampleID=1, channelID=17, leftVolume=1.000000, rightVolume=1.000000, priority=0, loop=0, rate=1.000000
V/AudioPolicyService(  226): getOutput() tid 226
V/AudioPolicyManagerALSA(  226): getDeviceForStrategy().. strategy 0, fromCache 0
V/AudioPolicyManagerALSA(  226): getDeviceForStrategy() STRATEGY_MEDIA
V/AudioPolicyManagerALSA(  226): getDeviceForStrategy() strategy 0, device 0x2, available devices 0x3
V/AudioPolicyManagerBase(  226): getOutput() stream 1, samplingRate 0, format 0, channelMask 3, flags 0, device 2
V/AudioPolicyManagerBase(  226): getOutput() returns output 2
V/AudioSystem(  562): getFrameCount() streamType 1, output 2, frameCount 512
V/AudioPolicyService(  226): getOutput() tid 551
V/AudioPolicyManagerALSA(  226): getDeviceForStrategy().. strategy 0, fromCache 0
V/AudioPolicyManagerALSA(  226): getDeviceForStrategy() STRATEGY_MEDIA
V/AudioPolicyManagerALSA(  226): getDeviceForStrategy() strategy 0, device 0x2, available devices 0x3
V/AudioPolicyManagerBase(  226): getOutput() stream 1, samplingRate 0, format 0, channelMask 3, flags 0, device 2
V/AudioPolicyManagerBase(  226): getOutput() returns output 2
V/AudioSystem(  562): getOutputSamplingRate() reading from output desc
V/AudioSystem(  562): getSamplingRate() streamType 1, output 2, sampling rate 44100
V/AudioTrack(  562): set() streamType 1, sampleRate 44100, channelMask 1, frameCount 2048, flags 0004, sessionId 0
E/AudioTrack(  562): flag of track is fast flag, so change to none flag. flags = 0000
V/AudioTrack(  562): AudioTrack getOutput streamType 1, sampleRate 44100, format 1, channelMask 1, flags 0
V/AudioPolicyService(  226): getOutput() tid 550
V/AudioPolicyManagerALSA(  226): getDeviceForStrategy().. strategy 0, fromCache 0
V/AudioPolicyManagerALSA(  226): getDeviceForStrategy() STRATEGY_MEDIA
V/AudioPolicyManagerALSA(  226): getDeviceForStrategy() strategy 0, device 0x2, available devices 0x3
V/AudioPolicyManagerBase(  226): getOutput() stream 1, samplingRate 44100, format 1, channelMask 1, flags 0, device 2
V/AudioPolicyManagerBase(  226): getOutput() returns output 2
V/AudioSystem(  562): getLatency() streamType 1, output 2, latency 96
V/AudioTrack(  562): createTrack_l() output 2 afLatency 96
V/AudioSystem(  562): getOutputSamplingRate() reading from output desc
V/AudioSystem(  562): getSamplingRate() streamType 1, output 2, sampling rate 44100
V/AudioSystem(  562): getFrameCount() streamType 1, output 2, frameCount 512
V/AudioTrack(  562): minFrameCount: 4096, afFrameCount=512, minBufCount=8, sampleRate=44100, afSampleRate=44100, afLatency=96
V/AudioTrack(  562): Minimum buffer size corrected from 2048 to 4096
V/AudioFlinger(  226): createTrack() sessionId: 0
V/AudioFlinger(  226): createTrack() lSessionId: 32
V/AudioFlinger(  226): Track constructor name 4096, calling pid 562
V/AudioFlinger(  226): acquiring 32 from 562
V/AudioFlinger(  226):  added new entry for 32
V/SoundPool(  562): setVolume 0x63ff5700
V/AudioTrack(  562): setVolume()..left 1.000000, right 1.000000
V/AudioTrack(  562): start 0x63ff5700
V/AudioTrack(  562): start 0x63ff5700 before lock cblk 0x629b8000
V/AudioTrack(  562): mAudioTrack->start()
V/AudioFlinger(  226): start(4096), calling pid 562 session 32
V/AudioFlinger(  226): ? => ACTIVE (4096) on thread 0x42d006f0
V/AudioPolicyService(  226): startOutput() tid 550
V/AudioPolicyManagerALSA(  226): startOutput() output 2, stream 1, session 32
V/AudioPolicyManagerBase(  226): changeRefCount() stream 1, count 1
V/AudioPolicyManagerBase(  226): getNewDevice() Output 2, fromCache 0
V/AudioPolicyManagerALSA(  226): getDeviceForStrategy().. strategy 0, fromCache 0
V/AudioPolicyManagerALSA(  226): getDeviceForStrategy() STRATEGY_MEDIA
V/AudioPolicyManagerALSA(  226): getDeviceForStrategy() strategy 0, device 0x2, available devices 0x3
V/AudioPolicyManagerBase(  226): getNewDevice() selected device 2
V/AudioPolicyManagerALSA(  226): setOutputDevice() output 2 device 0002 delayMs 0, force 0
V/AudioPolicyManagerALSA(  226): setOutputDevice() prevDevice 0002
V/AudioPolicyManagerALSA(  226): setOutputDevice() outputDesc->mDevice = masked 0002
V/AudioPolicyManagerALSA(  226): getDeviceForStrategy().. strategy 0, fromCache 0
V/AudioPolicyManagerALSA(  226): getDeviceForStrategy() STRATEGY_MEDIA
V/AudioPolicyManagerALSA(  226): getDeviceForStrategy() strategy 0, device 0x2, available devices 0x3
V/AudioPolicyManagerALSA(  226): checkDeviceMuteStrategies strategy 0 mute 0 tempMute 0 strategy muted 0
V/AudioPolicyManagerALSA(  226): getDeviceForStrategy().. strategy 1, fromCache 0
V/AudioPolicyManagerALSA(  226): getDeviceForStrategy() strategy 1, device 0x1, available devices 0x3
V/AudioPolicyManagerALSA(  226): checkDeviceMuteStrategies strategy 1 mute 0 tempMute 0 strategy muted 0
V/AudioPolicyManagerALSA(  226): getDeviceForStrategy().. strategy 2, fromCache 0
V/AudioPolicyManagerALSA(  226): getDeviceForStrategy() STRATEGY_MEDIA
V/AudioPolicyManagerALSA(  226): getDeviceForStrategy() strategy 2, device 0x2, available devices 0x3
V/AudioPolicyManagerALSA(  226): checkDeviceMuteStrategies strategy 2 mute 0 tempMute 0 strategy muted 0
V/AudioPolicyManagerALSA(  226): getDeviceForStrategy().. strategy 3, fromCache 0
V/AudioPolicyManagerALSA(  226): getDeviceForStrategy() STRATEGY_MEDIA
V/AudioPolicyManagerALSA(  226): getDeviceForStrategy() strategy 3, device 0x2, available devices 0x3
V/AudioPolicyManagerALSA(  226): checkDeviceMuteStrategies strategy 3 mute 0 tempMute 0 strategy muted 0
V/AudioPolicyManagerALSA(  226): getDeviceForStrategy().. strategy 4, fromCache 0
V/AudioPolicyManagerALSA(  226): getDeviceForStrategy().. strategy 3, fromCache 0
V/AudioPolicyManagerALSA(  226): getDeviceForStrategy() STRATEGY_MEDIA
V/AudioPolicyManagerALSA(  226): getDeviceForStrategy() strategy 3, device 0x2, available devices 0x3
V/AudioPolicyManagerALSA(  226): getDeviceForStrategy() strategy 4, device 0x2, available devices 0x3
V/AudioPolicyManagerALSA(  226): checkDeviceMuteStrategies strategy 4 mute 0 tempMute 0 strategy muted 0
V/AudioPolicyManagerALSA(  226): getDeviceForStrategy().. strategy 5, fromCache 0
V/AudioPolicyManagerALSA(  226): getDeviceForStrategy().. strategy 0, fromCache 0
V/AudioPolicyManagerALSA(  226): getDeviceForStrategy() STRATEGY_MEDIA
V/AudioPolicyManagerALSA(  226): getDeviceForStrategy() strategy 0, device 0x2, available devices 0x3
V/AudioPolicyManagerALSA(  226): getDeviceForStrategy() strategy 5, device 0x2, available devices 0x3
V/AudioPolicyManagerALSA(  226): checkDeviceMuteStrategies strategy 5 mute 0 tempMute 0 strategy muted 0
V/AudioPolicyManagerALSA(  226): getDeviceForStrategy().. strategy 6, fromCache 0
V/AudioPolicyManagerALSA(  226): getDeviceForStrategy() STRATEGY_MEDIA
V/AudioPolicyManagerALSA(  226): getDeviceForStrategy() strategy 6, device 0x2, available devices 0x3
V/AudioPolicyManagerALSA(  226): checkDeviceMuteStrategies strategy 6 mute 0 tempMute 0 strategy muted 0
V/AudioPolicyManagerALSA(  226): setOutputDevice() setting same device 0002 or null device for output 2
V/AudioPolicyManagerBase(  226): computeVolume().. stream = 1, volume = 0.399255, output = 2, device = 2, index = 5
V/AudioFlinger(  226): mWaitWorkCV.broadcast
V/AudioFlinger(  226): thread 0x4073b008 type 0 TID 549 waking up
V/AudioFlinger(  226): acquireWakeLock_l() AudioOut_2 status 0
V/SoundPool(  562): delete oldTrack 0x68488e60
V/AudioTrack(  562): Destructor() AudioTrack...
V/AudioTrack(  562): stop 0x68488e60
V/AudioFlinger(  226): releasing 31 from 562
V/AudioFlinger(  226):  decremented refcount to 0
V/AudioFlinger(  226): purging stale effects
V/AudioPolicyService(  226): releaseOutput() tid 551
D/PowerManagerService(  562): acquireWakeLock flags=0x1 tag=AudioOut_2
V/AudioPolicyManagerBase(  226): releaseOutput() 2
V/AudioFlinger(  226): remove track (4099) and delete from mixer
V/AudioFlinger(  226): PlaybackThread::Track destructor
W/MemoryDealer(  226): madvise(0x43907000, 4096, MADV_REMOVE) returned Operation not supported on transport endpoint
V/AudioTrack(  562): Underrun user: 0, server: 0, flags 0003
D/ALSADevice(  226): route: devices 0x2 in mode 0
D/ALSADevice(  226): No valid input device: 0
D/alsa_ucm(  226): snd_use_case_set(): uc_mgr 0x40589fb8 identifier _enadev value Speaker
D/ALSADevice(  226): switchDevice: mCurTxUCMDevivce None mCurRxDevDevice Speaker
D/alsa_ucm(  226): snd_use_case_set(): uc_mgr 0x40589fb8 identifier _verb value HiFi
D/alsa_ucm(  226): Set mixer controls for Speaker enable 1
D/alsa_ucm(  226): acdb_id 14 cap 1 enable 1
D/ACDB-LOADER(  226): ACDB -> send_audio_cal, acdb_id = 14, path =  0
D/ACDB-LOADER(  226): ACDB -> send_adm_topology
D/ACDB-LOADER(  226): ACDB -> ACDB_CMD_GET_AUDPROC_COMMON_TOPOLOGY_ID
D/ACDB-LOADER(  226): ACDB -> send_audtable
D/ACDB-LOADER(  226): ACDB -> ACDB_CMD_GET_AUDPROC_COMMON_TABLE
D/ACDB-LOADER(  226): ACDB -> AUDIO_SET_AUDPROC_CAL
D/ACDB-LOADER(  226): ACDB -> send_audvoltable
D/ACDB-LOADER(  226): ACDB -> ACDB_CMD_GET_AUDPROC_GAIN_DEP_VOLTBL_STEP_COPP
D/ACDB-LOADER(  226): ACDB -> AUDIO_SET_AUDPROC_VOL_CAL
D/ACDB-LOADER(  226): ACDB -> AUDIO_SET_AFE_CAL
D/alsa_ucm(  226): Setting mixer control: SLIM_0_RX Channels, value: One
D/alsa_ucm(  226): Setting mixer control: RX3 MIX1 INP1, value: RX1
D/alsa_ucm(  226): Setting mixer control: RX3 MIX1 INP2, value: RX6
D/alsa_ucm(  226): Setting mixer control: RX4 DSM MUX, value: DSM_INV
D/alsa_ucm(  226): Setting mixer control: RX3 Digital Volume, value: 59
D/alsa_ucm(  226): Setting mixer control: LINEOUT1 Volume, value: 85
D/alsa_ucm(  226): Setting mixer control: LINEOUT3 Volume, value: 85
D/alsa_ucm(  226): Setting mixer control: SLIM TX3 MUX, value: RMIX3
D/alsa_ucm(  226): Set mixer controls for HiFi enable 1
D/alsa_ucm(  226): Setting mixer control: SLIMBUS_0_RX Audio Mixer MultiMedia1, value: 1
D/ALSADevice(  226): close: handle 0x4221cfb8 h 0x0
D/ALSADevice(  226): open: handle 0x4221cfb8, format 0x2
D/ALSADevice(  226): Device value returned is hw:0,0
D/ALSADevice(  226): handle->format: 0x2
D/ALSADevice(  226): setHardwareParams: reqBuffSize 2048 channels 2 sampleRate 44100
D/ALSADevice(  226): setHardwareParams: buffer_size 16384, period_size 2048, period_cnt 8
W/InputMethodManagerService(  562): Window already focused, ignoring focus gain of: com.android.internal.view.IInputMethodClient$Stub$Proxy@42b5aab8 attribute=null
V/AudioTrack(  562): Underrun user: 1000, server: 1000, flags 0002
V/SoundPool(  562): process 0x6389ab40 channel 17 EVENT_UNDERRUN
V/SoundPool(  562): awake
V/SoundPool(  562): Getting channel from stop list
V/SoundPool(  562): setVolume_l()..leftVolume 0.000000, rightVolume 0.000000
V/AudioTrack(  562): setVolume()..left 0.000000, right 0.000000
V/SoundPool(  562): stop
V/AudioTrack(  562): stop 0x63ff5700
V/AudioFlinger(  226): stop(4096), calling pid 562
V/AudioFlinger(  226): not stopping/stopped => stopping/stopped (4096) on thread 0x4073b008
V/AudioPolicyService(  226): stopOutput() tid 551
V/AudioPolicyManagerALSA(  226): stopOutput() output 2, stream 1, session 32
V/AudioPolicyManagerBase(  226): changeRefCount() stream 1, count 0
V/AudioPolicyManagerBase(  226): getNewDevice() Output 2, fromCache 0
V/AudioPolicyManagerBase(  226): getNewDevice() selected device 0
V/AudioPolicyManagerALSA(  226): setOutputDevice() output 2 device 0000 delayMs 192, force 0
V/AudioPolicyManagerALSA(  226): setOutputDevice() prevDevice 0002
V/AudioPolicyManagerALSA(  226): getDeviceForStrategy().. strategy 0, fromCache 0
V/AudioPolicyManagerALSA(  226): getDeviceForStrategy() STRATEGY_MEDIA
V/AudioPolicyManagerALSA(  226): getDeviceForStrategy() strategy 0, device 0x2, available devices 0x3
V/AudioPolicyManagerALSA(  226): checkDeviceMuteStrategies strategy 0 mute 0 tempMute 0 strategy muted 0
V/AudioPolicyManagerALSA(  226): getDeviceForStrategy().. strategy 1, fromCache 0
V/AudioPolicyManagerALSA(  226): getDeviceForStrategy() strategy 1, device 0x1, available devices 0x3
V/AudioPolicyManagerALSA(  226): checkDeviceMuteStrategies strategy 1 mute 0 tempMute 0 strategy muted 0
V/AudioPolicyManagerALSA(  226): getDeviceForStrategy().. strategy 2, fromCache 0
V/AudioPolicyManagerALSA(  226): getDeviceForStrategy() STRATEGY_MEDIA
V/AudioPolicyManagerALSA(  226): getDeviceForStrategy() strategy 2, device 0x2, available devices 0x3
V/AudioPolicyManagerALSA(  226): checkDeviceMuteStrategies strategy 2 mute 0 tempMute 0 strategy muted 0
V/AudioPolicyManagerALSA(  226): getDeviceForStrategy().. strategy 3, fromCache 0
V/AudioPolicyManagerALSA(  226): getDeviceForStrategy() STRATEGY_MEDIA
V/AudioPolicyManagerALSA(  226): getDeviceForStrategy() strategy 3, device 0x2, available devices 0x3
V/AudioPolicyManagerALSA(  226): checkDeviceMuteStrategies strategy 3 mute 0 tempMute 0 strategy muted 0
V/AudioPolicyManagerALSA(  226): getDeviceForStrategy().. strategy 4, fromCache 0
V/AudioPolicyManagerALSA(  226): getDeviceForStrategy().. strategy 3, fromCache 0
V/AudioPolicyManagerALSA(  226): getDeviceForStrategy() STRATEGY_MEDIA
V/AudioPolicyManagerALSA(  226): getDeviceForStrategy() strategy 3, device 0x2, available devices 0x3
V/AudioPolicyManagerALSA(  226): getDeviceForStrategy() strategy 4, device 0x2, available devices 0x3
V/AudioPolicyManagerALSA(  226): checkDeviceMuteStrategies strategy 4 mute 0 tempMute 0 strategy muted 0
V/AudioPolicyManagerALSA(  226): getDeviceForStrategy().. strategy 5, fromCache 0
V/AudioPolicyManagerALSA(  226): getDeviceForStrategy().. strategy 0, fromCache 0
V/AudioPolicyManagerALSA(  226): getDeviceForStrategy() STRATEGY_MEDIA
V/AudioPolicyManagerALSA(  226): getDeviceForStrategy() strategy 0, device 0x2, available devices 0x3
V/AudioPolicyManagerALSA(  226): getDeviceForStrategy() strategy 5, device 0x2, available devices 0x3
V/AudioPolicyManagerALSA(  226): checkDeviceMuteStrategies strategy 5 mute 0 tempMute 0 strategy muted 0
V/AudioPolicyManagerALSA(  226): getDeviceForStrategy().. strategy 6, fromCache 0
V/AudioPolicyManagerALSA(  226): getDeviceForStrategy() STRATEGY_MEDIA
V/AudioPolicyManagerALSA(  226): getDeviceForStrategy() strategy 6, device 0x2, available devices 0x3
V/AudioPolicyManagerALSA(  226): checkDeviceMuteStrategies strategy 6 mute 0 tempMute 0 strategy muted 0
V/AudioPolicyManagerALSA(  226): setOutputDevice() setting same device 0000 or null device for output 2
V/SoundPool(  562): done_l(17)
V/SoundPool(  562): move to front
V/AudioFlinger(  226): presentationComplete() reset: mPresentationCompleteFrames 8329 audioHalFrames 4233
V/AudioFlinger(  226): presentationComplete() session 32 complete: framesWritten 8704
V/AudioFlinger(  226): TrackBase::reset
V/WifiServiceExt(  562): checkPollTimer Cnt= 0 rssi =-43 threshold=-85
D/TELProfiling(  950):  [getValue] --->  key  lgu_global_roaming Vale null
D/TELProfiling(  950):  [getValue] --->  key  lgu_global_roaming Vale null
W/SignalStrength(  950): [Helen] Not AT&T
W/SignalStrength(  950): SignalStrength after validate=SignalStrength: 99 0 -108 -125 -120 -1 -1 12 -113 -10 36 2147483647 2147483647 cdma 0
W/SignalStrength(  950): [Helen] Enter RSSI - mGsmSignalStrength=99Dbm=-125
W/SignalStrength(  562): [CDMA] getCdmaLevel_SPCS Dbm =-108
W/SignalStrength(  760): [CDMA] getCdmaLevel_SPCS Dbm =-108
W/SignalStrength(  760): [CDMA] getCdmaLevel_SPCS Ecio =-125
W/SignalStrength(  760): getCdmaLevel_SPCS=1
W/SignalStrength(  760): getLevel=1
W/SignalStrength(  760): [CDMA] getCdmaLevel_SPCS Dbm =-108
W/SignalStrength(  760): [CDMA] getCdmaLevel_SPCS Ecio =-125
W/SignalStrength(  760): getCdmaLevel_SPCS=1
W/SignalStrength(  760): getLevel=1
W/SignalStrength(  760): [CDMA] getCdmaLevel_SPCS Dbm =-108
W/SignalStrength(  562): [CDMA] getCdmaLevel_SPCS Ecio =-125
W/SignalStrength(  760): [CDMA] getCdmaLevel_SPCS Ecio =-125
W/SignalStrength(  562): getCdmaLevel_SPCS=1
W/SignalStrength(  562): getLevel=1
W/SignalStrength(  760): getCdmaLevel_SPCS=1
D/StatusBar.NetworkController(  760): onSignalStrengthsChanged signalStrength=SignalStrength: 99 0 -108 -125 -120 -1 -1 12 -113 -10 36 2147483647 2147483647 gsm|lte 14 level=1
D/LGATCMDService(  991): LGATCMDIntentReceiver Intent action = SLATETEST_GET_RSSI
W/SignalStrength(  760): [CDMA] getCdmaLevel_SPCS Dbm =-108
W/SignalStrength(  760): [CDMA] getCdmaLevel_SPCS Ecio =-125
W/SignalStrength(  760): getCdmaLevel_SPCS=1
W/SignalStrength(  760): getLevel=1
W/SignalStrength(  950): [CDMA] getCdmaLevel_SPCS Dbm =-108
W/SignalStrength(  950): [CDMA] getCdmaLevel_SPCS Ecio =-125
W/SignalStrength(  950): getCdmaLevel_SPCS=1
W/SignalStrength(  950): getLevel=1
D/PhoneInterfaceManager(  950): [PhoneIntfMgr] sigLevel = 1
D/LGPhoneStatusBarPolicy(  760): ACTION_SIGNAL_STRENGTH_CHANGED!!!
D/PhoneInterfaceManager(  950): [PhoneIntfMgr] is not LTE-VT
D/StatusBar.NetworkController(  760): refreshViews connected={ wifi } level=1 combinedSignalIconId=0x7f0203a4/com.android.systemui:drawable/stat_sys_wifi_signal_4_fully combinedActivityIconId=0x0 mobileLabel=Sprint wifiLabel=dd-wrtxxxxXXXXxxxxXXXX emergencyOnly=false combinedLabel=dd-wrtxxxxXXXXxxxxXXXX mAirplaneMode=false mDataActivity=0 mPhoneSignalIconId=0x7f020343 mDataDirectionIconId=0x0 mDataSignalIconId=0x7f020343 mDataTypeIconId=0x0 mNoSimIconId=0x0 mThirdTypeIconId=0x0 mWifiIconId=0x7f0203a4 mBluetoothTetherIconId=0x108054f
I/MediaStoreImporter( 2407): Update: incremental Added music: 0 Updated music: 0 Deleted music: 0 Created playlists: 0 Updated playlists: 0 Deleted playlists: 0 Inserted playlist items: 0 Deleted playlist items: 0 Removed orphaned playlist items: 0
D/PowerManagerService(  562): acquireWakeLock flags=0x1 tag=AlarmManager
D/PowerManagerService(  562): acquireWakeLock flags=0x1 tag=SyncManagerHandleSyncAlarm
D/PowerManagerService(  562): releaseWakeLock flags=0x1 tag=AlarmManager
D/PowerManagerService(  562): acquireWakeLock flags=0x1 tag=SyncLoopWakeLock
D/PowerManagerService(  562): releaseWakeLock flags=0x1 tag=SyncManagerHandleSyncAlarm
D/PowerManagerService(  562): releaseWakeLock flags=0x1 tag=SyncLoopWakeLock
D/StateMachine(  562): handleMessage: E msg.what=131155
D/StateMachine(  562): processMsg: ConnectedState
D/WifiStateMachine(  562): ConnectedState{ what=131155 when=-4ms arg1=14 }
D/StateMachine(  562): processMsg: L2ConnectedState
D/WifiStateMachine(  562): L2ConnectedState{ what=131155 when=-7ms arg1=14 }
D/wpa_supplicant( 1499): wpa_s 0x41024fe0 cmd SIGNAL_POLL
D/wpa_supplicant( 1499): nl80211: survey data missing!
E/WifiStateMachine(  562): Fetch RSSI NEW RSSI = -47
D/StateMachine(  562): handleMessage: X
D/TELProfiling(  950):  [getValue] --->  key  lgu_global_roaming Vale null
D/TELProfiling(  950):  [getValue] --->  key  lgu_global_roaming Vale null
W/SignalStrength(  950): [Helen] Not AT&T
W/SignalStrength(  950): SignalStrength after validate=SignalStrength: 99 0 -108 -125 -120 -1 -1 14 -114 -14 34 2147483647 2147483647 cdma 0
W/SignalStrength(  950): [Helen] Enter RSSI - mGsmSignalStrength=99Dbm=-125
W/SignalStrength(  760): [CDMA] getCdmaLevel_SPCS Dbm =-108
W/SignalStrength(  760): [CDMA] getCdmaLevel_SPCS Ecio =-125
W/SignalStrength(  760): getCdmaLevel_SPCS=1
W/SignalStrength(  760): getLevel=1
W/SignalStrength(  760): [CDMA] getCdmaLevel_SPCS Dbm =-108
W/SignalStrength(  760): [CDMA] getCdmaLevel_SPCS Ecio =-125
W/SignalStrength(  562): [CDMA] getCdmaLevel_SPCS Dbm =-108
W/SignalStrength(  760): getCdmaLevel_SPCS=1
D/StatusBar.NetworkController(  760): onSignalStrengthsChanged signalStrength=SignalStrength: 99 0 -108 -125 -120 -1 -1 14 -114 -14 34 2147483647 2147483647 gsm|lte 14 level=1
W/SignalStrength(  760): getLevel=1
W/SignalStrength(  562): [CDMA] getCdmaLevel_SPCS Ecio =-125
W/SignalStrength(  760): [CDMA] getCdmaLevel_SPCS Dbm =-108
W/SignalStrength(  562): getCdmaLevel_SPCS=1
W/SignalStrength(  562): getLevel=1
W/SignalStrength(  760): [CDMA] getCdmaLevel_SPCS Ecio =-125
W/SignalStrength(  760): getCdmaLevel_SPCS=1
W/SignalStrength(  760): [CDMA] getCdmaLevel_SPCS Dbm =-108
D/LGATCMDService(  991): LGATCMDIntentReceiver Intent action = SLATETEST_GET_RSSI
W/SignalStrength(  760): [CDMA] getCdmaLevel_SPCS Ecio =-125
W/SignalStrength(  760): getCdmaLevel_SPCS=1
W/SignalStrength(  950): [CDMA] getCdmaLevel_SPCS Dbm =-108
W/SignalStrength(  950): [CDMA] getCdmaLevel_SPCS Ecio =-125
W/SignalStrength(  950): getCdmaLevel_SPCS=1
W/SignalStrength(  950): getLevel=1
D/PhoneInterfaceManager(  950): [PhoneIntfMgr] sigLevel = 1
W/SignalStrength(  760): getLevel=1
D/LGPhoneStatusBarPolicy(  760): ACTION_SIGNAL_STRENGTH_CHANGED!!!
D/StatusBar.NetworkController(  760): refreshViews connected={ wifi } level=1 combinedSignalIconId=0x7f0203a4/com.android.systemui:drawable/stat_sys_wifi_signal_4_fully combinedActivityIconId=0x0 mobileLabel=Sprint wifiLabel=dd-wrtxxxxXXXXxxxxXXXX emergencyOnly=false combinedLabel=dd-wrtxxxxXXXXxxxxXXXX mAirplaneMode=false mDataActivity=0 mPhoneSignalIconId=0x7f020343 mDataDirectionIconId=0x0 mDataSignalIconId=0x7f020343 mDataTypeIconId=0x0 mNoSimIconId=0x0 mThirdTypeIconId=0x0 mWifiIconId=0x7f0203a4 mBluetoothTetherIconId=0x108054f
D/PhoneInterfaceManager(  950): [PhoneIntfMgr] is not LTE-VT
V/AudioFlinger(  226): Audio hardware entering standby, mixer 0x4073b008, suspend count 0
D/AudioStreamOutALSA(  226): standby
D/AudioStreamOutALSA(  226): Deregistering MUSIC bit, musbPlaybackState: 0
D/ALSADevice(  226): standby: handle 0x4221cfb8 h 0x0
E/ALSADevice(  226): standby handle h 0x42b92c08
D/alsa_ucm(  226): snd_use_case_set(): uc_mgr 0x40589fb8 identifier _verb value Inactive
D/alsa_ucm(  226): Set mixer controls for HiFi enable 0
D/alsa_ucm(  226): Setting mixer control: SLIMBUS_0_RX Audio Mixer MultiMedia1, value: 0
E/ALSADevice(  226): Number of modifiers 0
E/ALSADevice(  226): usecase_type is 0
D/alsa_ucm(  226): snd_use_case_set(): uc_mgr 0x40589fb8 identifier _disdev value Speaker
D/alsa_ucm(  226): Set mixer controls for Speaker enable 0
D/alsa_ucm(  226): Setting mixer control: RX3 MIX1 INP1, value: ZERO
D/alsa_ucm(  226): Setting mixer control: RX3 MIX1 INP2, value: ZERO
D/alsa_ucm(  226): Setting mixer control: RX4 DSM MUX, value: CIC_OUT
D/alsa_ucm(  226): Setting mixer control: RX3 Digital Volume, value: 60
D/alsa_ucm(  226): Setting mixer control: LINEOUT1 Volume, value: 0
D/alsa_ucm(  226): Setting mixer control: LINEOUT3 Volume, value: 0
D/alsa_ucm(  226): Setting mixer control: SLIM TX3 MUX, value: ZERO
D/AudioUsbALSA(  226): exitPlaybackThread, mproxypfdPlayback: -1
V/AudioFlinger(  226): releaseWakeLock_l() AudioOut_2
V/AudioFlinger(  226): thread 0x4073b008 type 0 TID 549 going to sleep
D/PowerManagerService(  562): releaseWakeLock flags=0x1 tag=AudioOut_2
V/WifiServiceExt(  562): checkPollTimer Cnt= 0 rssi =-47 threshold=-85
D/PowerManagerService(  562): acquireWakeLock flags=0x1 tag=AlarmManager
D/PowerManagerService(  562): acquireWakeLock flags=0x1 tag=GTALK_CONN
D/PowerManagerService(  562): releaseWakeLock flags=0x1 tag=GTALK_CONN
D/PowerManagerService(  562): releaseWakeLock flags=0x1 tag=AlarmManager
D/PowerManagerService(  562): acquireWakeLock flags=0x1 tag=GTALK_CONN
D/PowerManagerService(  562): releaseWakeLock flags=0x1 tag=GTALK_CONN
D/PowerManagerService(  562): acquireWakeLock flags=0x1 tag=GTALK_CONN
D/PowerManagerService(  562): releaseWakeLock flags=0x1 tag=GTALK_CONN
W/SignalStrength(  760): [CDMA] getCdmaLevel_SPCS Dbm =-108
W/SignalStrength(  760): [CDMA] getCdmaLevel_SPCS Ecio =-125
W/SignalStrength(  760): getCdmaLevel_SPCS=1
W/SignalStrength(  760): getLevel=1
D/StatusBar.NetworkController(  760): refreshViews connected={ wifi } level=1 combinedSignalIconId=0x7f0203a4/com.android.systemui:drawable/stat_sys_wifi_signal_4_fully combinedActivityIconId=0x7f02039a mobileLabel=Sprint wifiLabel=dd-wrtxxxxXXXXxxxxXXXX emergencyOnly=false combinedLabel=dd-wrtxxxxXXXXxxxxXXXX mAirplaneMode=false mDataActivity=0 mPhoneSignalIconId=0x7f020343 mDataDirectionIconId=0x0 mDataSignalIconId=0x7f020343 mDataTypeIconId=0x0 mNoSimIconId=0x0 mThirdTypeIconId=0x0 mWifiIconId=0x7f0203a4 mBluetoothTetherIconId=0x108054f
D/StatusBar.NetworkController(  760): changing data overlay icon id to 2130838426
D/StateMachine(  562): handleMessage: E msg.what=131155
D/StateMachine(  562): processMsg: ConnectedState
D/WifiStateMachine(  562): ConnectedState{ what=131155 when=-4ms arg1=14 }
D/StateMachine(  562): processMsg: L2ConnectedState
D/WifiStateMachine(  562): L2ConnectedState{ what=131155 when=-7ms arg1=14 }
D/wpa_supplicant( 1499): wpa_s 0x41024fe0 cmd SIGNAL_POLL
D/wpa_supplicant( 1499): nl80211: survey data missing!
E/WifiStateMachine(  562): Fetch RSSI NEW RSSI = -45
D/StateMachine(  562): handleMessage: X
W/SignalStrength(  760): [CDMA] getCdmaLevel_SPCS Dbm =-108
W/SignalStrength(  760): [CDMA] getCdmaLevel_SPCS Ecio =-125
W/SignalStrength(  760): getCdmaLevel_SPCS=1
W/SignalStrength(  760): getLevel=1
D/StatusBar.NetworkController(  760): refreshViews connected={ wifi } level=1 combinedSignalIconId=0x7f0203a4/com.android.systemui:drawable/stat_sys_wifi_signal_4_fully combinedActivityIconId=0x0 mobileLabel=Sprint wifiLabel=dd-wrtxxxxXXXXxxxxXXXX emergencyOnly=false combinedLabel=dd-wrtxxxxXXXXxxxxXXXX mAirplaneMode=false mDataActivity=0 mPhoneSignalIconId=0x7f020343 mDataDirectionIconId=0x0 mDataSignalIconId=0x7f020343 mDataTypeIconId=0x0 mNoSimIconId=0x0 mThirdTypeIconId=0x0 mWifiIconId=0x7f0203a4 mBluetoothTetherIconId=0x108054f
D/StatusBar.NetworkController(  760): changing data overlay icon id to 0
D/TELProfiling(  950):  [getValue] --->  key  lgu_global_roaming Vale null
D/TELProfiling(  950):  [getValue] --->  key  lgu_global_roaming Vale null
W/SignalStrength(  950): [Helen] Not AT&T
W/SignalStrength(  950): SignalStrength after validate=SignalStrength: 99 0 -108 -135 -120 -1 -1 14 -113 -14 40 2147483647 2147483647 cdma 0
W/SignalStrength(  950): [Helen] Enter RSSI - mGsmSignalStrength=99Dbm=-135
W/SignalStrength(  760): [CDMA] getCdmaLevel_SPCS Dbm =-108
W/SignalStrength(  760): [CDMA] getCdmaLevel_SPCS Ecio =-135
W/SignalStrength(  760): getCdmaLevel_SPCS=1
W/SignalStrength(  760): getLevel=1
W/SignalStrength(  760): [CDMA] getCdmaLevel_SPCS Dbm =-108
D/StatusBar.NetworkController(  760): onSignalStrengthsChanged signalStrength=SignalStrength: 99 0 -108 -135 -120 -1 -1 14 -113 -14 40 2147483647 2147483647 gsm|lte 14 level=1
W/SignalStrength(  760): [CDMA] getCdmaLevel_SPCS Ecio =-135
W/SignalStrength(  760): getCdmaLevel_SPCS=1
W/SignalStrength(  760): getLevel=1
W/SignalStrength(  760): [CDMA] getCdmaLevel_SPCS Dbm =-108
W/SignalStrength(  760): [CDMA] getCdmaLevel_SPCS Ecio =-135
W/SignalStrength(  562): [CDMA] getCdmaLevel_SPCS Dbm =-108
W/SignalStrength(  760): getCdmaLevel_SPCS=1
W/SignalStrength(  562): [CDMA] getCdmaLevel_SPCS Ecio =-135
W/SignalStrength(  562): getCdmaLevel_SPCS=1
