W/SignalStrength(  562): getLevel=1
D/LGATCMDService(  991): LGATCMDIntentReceiver Intent action = SLATETEST_GET_RSSI
W/SignalStrength(  760): [CDMA] getCdmaLevel_SPCS Dbm =-108
W/SignalStrength(  760): [CDMA] getCdmaLevel_SPCS Ecio =-135
W/SignalStrength(  760): getCdmaLevel_SPCS=1
W/SignalStrength(  760): getLevel=1
D/LGPhoneStatusBarPolicy(  760): ACTION_SIGNAL_STRENGTH_CHANGED!!!
W/SignalStrength(  950): [CDMA] getCdmaLevel_SPCS Dbm =-108
D/StatusBar.NetworkController(  760): refreshViews connected={ wifi } level=1 combinedSignalIconId=0x7f0203a4/com.android.systemui:drawable/stat_sys_wifi_signal_4_fully combinedActivityIconId=0x0 mobileLabel=Sprint wifiLabel=dd-wrtxxxxXXXXxxxxXXXX emergencyOnly=false combinedLabel=dd-wrtxxxxXXXXxxxxXXXX mAirplaneMode=false mDataActivity=0 mPhoneSignalIconId=0x7f020343 mDataDirectionIconId=0x0 mDataSignalIconId=0x7f020343 mDataTypeIconId=0x0 mNoSimIconId=0x0 mThirdTypeIconId=0x0 mWifiIconId=0x7f0203a4 mBluetoothTetherIconId=0x108054f
W/SignalStrength(  950): [CDMA] getCdmaLevel_SPCS Ecio =-135
W/SignalStrength(  950): getCdmaLevel_SPCS=1
W/SignalStrength(  950): getLevel=1
D/PhoneInterfaceManager(  950): [PhoneIntfMgr] sigLevel = 1
D/PhoneInterfaceManager(  950): [PhoneIntfMgr] is not LTE-VT
V/WifiServiceExt(  562): checkPollTimer Cnt= 0 rssi =-45 threshold=-85
D/PowerManagerService(  562): acquireWakeLock flags=0x1 tag=AlarmManager
D/PowerManagerService(  562): acquireWakeLock flags=0x1 tag=Camera Monitor
D/PowerManagerService(  562): releaseWakeLock flags=0x1 tag=AlarmManager
D/PowerManagerService(  562): releaseWakeLock flags=0x1 tag=Camera Monitor
D/StateMachine(  562): handleMessage: E msg.what=131155
D/StateMachine(  562): processMsg: ConnectedState
D/WifiStateMachine(  562): ConnectedState{ what=131155 when=-4ms arg1=14 }
D/StateMachine(  562): processMsg: L2ConnectedState
D/WifiStateMachine(  562): L2ConnectedState{ what=131155 when=-4ms arg1=14 }
D/wpa_supplicant( 1499): wpa_s 0x41024fe0 cmd SIGNAL_POLL
D/wpa_supplicant( 1499): nl80211: survey data missing!
E/WifiStateMachine(  562): Fetch RSSI NEW RSSI = -45
D/StateMachine(  562): handleMessage: X
E/ThermalDaemon( 1228): [GPU_MON] 6 percent. Current Sampling Time is 4 sec 
V/WifiServiceExt(  562): checkPollTimer Cnt= 0 rssi =-45 threshold=-85
D/TELProfiling(  950):  [getValue] --->  key  lgu_global_roaming Vale null
D/TELProfiling(  950):  [getValue] --->  key  lgu_global_roaming Vale null
W/SignalStrength(  950): [Helen] Not AT&T
W/SignalStrength(  950): SignalStrength after validate=SignalStrength: 99 0 -121 -185 -120 -1 -1 14 -113 -14 48 2147483647 2147483647 cdma 0
W/SignalStrength(  950): [Helen] Enter RSSI - mGsmSignalStrength=99Dbm=-185
W/SignalStrength(  760): [CDMA] getCdmaLevel_SPCS Dbm =-121
W/SignalStrength(  760): [CDMA] getCdmaLevel_SPCS Ecio =-185
W/SignalStrength(  760): getCdmaLevel_SPCS=0
W/SignalStrength(  760): getTdScdmaLevel = 0
W/SignalStrength(  760): getGsmLevel=0
W/SignalStrength(  760): getLevel=0
W/SignalStrength(  562): [CDMA] getCdmaLevel_SPCS Dbm =-121
W/SignalStrength(  760): [CDMA] getCdmaLevel_SPCS Dbm =-121
W/SignalStrength(  760): [CDMA] getCdmaLevel_SPCS Ecio =-185
W/SignalStrength(  562): [CDMA] getCdmaLevel_SPCS Ecio =-185
W/SignalStrength(  760): getCdmaLevel_SPCS=0
W/SignalStrength(  562): getCdmaLevel_SPCS=0
W/SignalStrength(  760): getTdScdmaLevel = 0
W/SignalStrength(  562): getTdScdmaLevel = 0
D/StatusBar.NetworkController(  760): onSignalStrengthsChanged signalStrength=SignalStrength: 99 0 -121 -185 -120 -1 -1 14 -113 -14 48 2147483647 2147483647 gsm|lte 14 level=0
W/SignalStrength(  562): getGsmLevel=0
W/SignalStrength(  760): getGsmLevel=0
W/SignalStrength(  562): getLevel=0
W/SignalStrength(  760): getLevel=0
W/SignalStrength(  760): [CDMA] getCdmaLevel_SPCS Dbm =-121
W/SignalStrength(  760): [CDMA] getCdmaLevel_SPCS Ecio =-185
W/SignalStrength(  760): getCdmaLevel_SPCS=0
D/LGATCMDService(  991): LGATCMDIntentReceiver Intent action = SLATETEST_GET_RSSI
W/SignalStrength(  760): [CDMA] getCdmaLevel_SPCS Dbm =-121
W/SignalStrength(  760): [CDMA] getCdmaLevel_SPCS Ecio =-185
W/SignalStrength(  760): getCdmaLevel_SPCS=0
W/SignalStrength(  760): getTdScdmaLevel = 0
W/SignalStrength(  760): getGsmLevel=0
W/SignalStrength(  760): getLevel=0
W/SignalStrength(  950): [CDMA] getCdmaLevel_SPCS Dbm =-121
W/SignalStrength(  950): [CDMA] getCdmaLevel_SPCS Ecio =-185
W/SignalStrength(  950): getCdmaLevel_SPCS=0
W/SignalStrength(  950): getTdScdmaLevel = 0
W/SignalStrength(  950): getGsmLevel=0
W/SignalStrength(  950): getLevel=0
D/PhoneInterfaceManager(  950): [PhoneIntfMgr] sigLevel = 0
D/LGPhoneStatusBarPolicy(  760): ACTION_SIGNAL_STRENGTH_CHANGED!!!
D/PhoneInterfaceManager(  950): [PhoneIntfMgr] is not LTE-VT
D/StatusBar.NetworkController(  760): refreshViews connected={ wifi } level=0 combinedSignalIconId=0x7f0203a4/com.android.systemui:drawable/stat_sys_wifi_signal_4_fully combinedActivityIconId=0x0 mobileLabel=Sprint wifiLabel=dd-wrtxxxxXXXXxxxxXXXX emergencyOnly=false combinedLabel=dd-wrtxxxxXXXXxxxxXXXX mAirplaneMode=false mDataActivity=0 mPhoneSignalIconId=0x7f02033b mDataDirectionIconId=0x0 mDataSignalIconId=0x7f02033b mDataTypeIconId=0x0 mNoSimIconId=0x0 mThirdTypeIconId=0x0 mWifiIconId=0x7f0203a4 mBluetoothTetherIconId=0x108054f
D/StateMachine(  562): handleMessage: E msg.what=131155
D/StateMachine(  562): processMsg: ConnectedState
D/WifiStateMachine(  562): ConnectedState{ what=131155 when=-2ms arg1=14 }
D/StateMachine(  562): processMsg: L2ConnectedState
D/WifiStateMachine(  562): L2ConnectedState{ what=131155 when=-6ms arg1=14 }
D/wpa_supplicant( 1499): wpa_s 0x41024fe0 cmd SIGNAL_POLL
D/wpa_supplicant( 1499): nl80211: survey data missing!
E/WifiStateMachine(  562): Fetch RSSI NEW RSSI = -44
D/StateMachine(  562): handleMessage: X
V/WifiServiceExt(  562): checkPollTimer Cnt= 0 rssi =-44 threshold=-85
D/StateMachine(  562): handleMessage: E msg.what=131155
D/StateMachine(  562): processMsg: ConnectedState
D/WifiStateMachine(  562): ConnectedState{ what=131155 when=-6ms arg1=14 }
D/StateMachine(  562): processMsg: L2ConnectedState
D/WifiStateMachine(  562): L2ConnectedState{ what=131155 when=-11ms arg1=14 }
D/wpa_supplicant( 1499): wpa_s 0x41024fe0 cmd SIGNAL_POLL
D/wpa_supplicant( 1499): nl80211: survey data missing!
E/WifiStateMachine(  562): Fetch RSSI NEW RSSI = -43
D/StateMachine(  562): handleMessage: X
D/TELProfiling(  950):  [getValue] --->  key  lgu_global_roaming Vale null
D/TELProfiling(  950):  [getValue] --->  key  lgu_global_roaming Vale null
W/SignalStrength(  950): [Helen] Not AT&T
W/SignalStrength(  950): SignalStrength after validate=SignalStrength: 99 0 -121 -185 -120 -1 -1 15 -110 -13 68 2147483647 2147483647 cdma 0
W/SignalStrength(  950): [Helen] Enter RSSI - mGsmSignalStrength=99Dbm=-185
W/SignalStrength(  760): [CDMA] getCdmaLevel_SPCS Dbm =-121
W/SignalStrength(  760): [CDMA] getCdmaLevel_SPCS Ecio =-185
W/SignalStrength(  760): getCdmaLevel_SPCS=0
W/SignalStrength(  760): getTdScdmaLevel = 0
W/SignalStrength(  760): getGsmLevel=0
W/SignalStrength(  760): getLevel=0
W/SignalStrength(  760): [CDMA] getCdmaLevel_SPCS Dbm =-121
W/SignalStrength(  562): [CDMA] getCdmaLevel_SPCS Dbm =-121
W/SignalStrength(  760): [CDMA] getCdmaLevel_SPCS Ecio =-185
W/SignalStrength(  760): getCdmaLevel_SPCS=0
W/SignalStrength(  562): [CDMA] getCdmaLevel_SPCS Ecio =-185
D/StatusBar.NetworkController(  760): onSignalStrengthsChanged signalStrength=SignalStrength: 99 0 -121 -185 -120 -1 -1 15 -110 -13 68 2147483647 2147483647 gsm|lte 14 level=0
W/SignalStrength(  760): getTdScdmaLevel = 0
W/SignalStrength(  562): getCdmaLevel_SPCS=0
W/SignalStrength(  760): getGsmLevel=0
W/SignalStrength(  562): getTdScdmaLevel = 0
W/SignalStrength(  562): getGsmLevel=0
W/SignalStrength(  760): getLevel=0
W/SignalStrength(  760): [CDMA] getCdmaLevel_SPCS Dbm =-121
W/SignalStrength(  562): getLevel=0
W/SignalStrength(  760): [CDMA] getCdmaLevel_SPCS Ecio =-185
W/SignalStrength(  760): getCdmaLevel_SPCS=0
D/LGATCMDService(  991): LGATCMDIntentReceiver Intent action = SLATETEST_GET_RSSI
W/SignalStrength(  760): [CDMA] getCdmaLevel_SPCS Dbm =-121
W/SignalStrength(  950): [CDMA] getCdmaLevel_SPCS Dbm =-121
W/SignalStrength(  950): [CDMA] getCdmaLevel_SPCS Ecio =-185
W/SignalStrength(  950): getCdmaLevel_SPCS=0
W/SignalStrength(  950): getTdScdmaLevel = 0
W/SignalStrength(  950): getGsmLevel=0
W/SignalStrength(  950): getLevel=0
D/PhoneInterfaceManager(  950): [PhoneIntfMgr] sigLevel = 0
W/SignalStrength(  760): [CDMA] getCdmaLevel_SPCS Ecio =-185
W/SignalStrength(  760): getCdmaLevel_SPCS=0
W/SignalStrength(  760): getTdScdmaLevel = 0
W/SignalStrength(  760): getGsmLevel=0
W/SignalStrength(  760): getLevel=0
D/LGPhoneStatusBarPolicy(  760): ACTION_SIGNAL_STRENGTH_CHANGED!!!
D/StatusBar.NetworkController(  760): refreshViews connected={ wifi } level=0 combinedSignalIconId=0x7f0203a4/com.android.systemui:drawable/stat_sys_wifi_signal_4_fully combinedActivityIconId=0x0 mobileLabel=Sprint wifiLabel=dd-wrtxxxxXXXXxxxxXXXX emergencyOnly=false combinedLabel=dd-wrtxxxxXXXXxxxxXXXX mAirplaneMode=false mDataActivity=0 mPhoneSignalIconId=0x7f02033b mDataDirectionIconId=0x0 mDataSignalIconId=0x7f02033b mDataTypeIconId=0x0 mNoSimIconId=0x0 mThirdTypeIconId=0x0 mWifiIconId=0x7f0203a4 mBluetoothTetherIconId=0x108054f
D/PhoneInterfaceManager(  950): [PhoneIntfMgr] is not LTE-VT
