V/DownloadManager( 1018): updateDownload DB read start id :  57, Status:200, largemode : 0, settingMode : 0
V/LFT     ( 1018): isReadyToStart mId, mStatus=57:200
D/DownloadManager( 1018): isReadyToStart : return false3
V/DownloadManager( 1018): updateDownload DB read start id :  58, Status:200, largemode : 0, settingMode : 0
V/LFT     ( 1018): isReadyToStart mId, mStatus=58:200
D/DownloadManager( 1018): isReadyToStart : return false3
V/DownloadManager( 1018): updateDownload DB read start id :  59, Status:200, largemode : 0, settingMode : 0
V/LFT     ( 1018): isReadyToStart mId, mStatus=59:200
D/DownloadManager( 1018): isReadyToStart : return false3
V/DownloadManager( 1018): updateDownload DB read start id :  60, Status:200, largemode : 0, settingMode : 0
V/LFT     ( 1018): isReadyToStart mId, mStatus=60:200
D/DownloadManager( 1018): isReadyToStart : return false3
V/DownloadManager( 1018): updateDownload DB read start id :  61, Status:200, largemode : 0, settingMode : 0
V/LFT     ( 1018): isReadyToStart mId, mStatus=61:200
D/DownloadManager( 1018): isReadyToStart : return false3
V/DownloadManager( 1018): updateDownload DB read start id :  62, Status:200, largemode : 0, settingMode : 0
V/LFT     ( 1018): isReadyToStart mId, mStatus=62:200
D/DownloadManager( 1018): isReadyToStart : return false3
V/DownloadManager( 1018): updateDownload DB read start id :  63, Status:200, largemode : 0, settingMode : 0
V/LFT     ( 1018): isReadyToStart mId, mStatus=63:200
D/DownloadManager( 1018): isReadyToStart : return false3
V/DownloadManager( 1018): updateDownload DB read start id :  64, Status:200, largemode : 0, settingMode : 0
V/LFT     ( 1018): isReadyToStart mId, mStatus=64:200
D/DownloadManager( 1018): isReadyToStart : return false3
V/DownloadManager( 1018): updateDownload DB read start id :  65, Status:200, largemode : 0, settingMode : 0
V/LFT     ( 1018): isReadyToStart mId, mStatus=65:200
D/DownloadManager( 1018): isReadyToStart : return false3
V/DownloadManager( 1018): updateDownload DB read start id :  66, Status:200, largemode : 0, settingMode : 0
V/LFT     ( 1018): isReadyToStart mId, mStatus=66:200
D/DownloadManager( 1018): isReadyToStart : return false3
V/DownloadManager( 1018): updateDownload DB read start id :  67, Status:200, largemode : 0, settingMode : 0
V/LFT     ( 1018): isReadyToStart mId, mStatus=67:200
D/DownloadManager( 1018): isReadyToStart : return false3
V/DownloadManager( 1018): updateDownload DB read start id :  68, Status:200, largemode : 0, settingMode : 0
V/LFT     ( 1018): isReadyToStart mId, mStatus=68:200
D/DownloadManager( 1018): isReadyToStart : return false3
V/DownloadManager( 1018): updateDownload DB read start id :  69, Status:200, largemode : 0, settingMode : 0
V/LFT     ( 1018): isReadyToStart mId, mStatus=69:200
D/DownloadManager( 1018): isReadyToStart : return false3
V/DownloadManager( 1018): updateDownload DB read start id :  70, Status:200, largemode : 0, settingMode : 0
V/LFT     ( 1018): isReadyToStart mId, mStatus=70:200
D/DownloadManager( 1018): isReadyToStart : return false3
V/DownloadManager( 1018): updateDownload DB read start id :  71, Status:200, largemode : 0, settingMode : 0
V/LFT     ( 1018): isReadyToStart mId, mStatus=71:200
D/DownloadManager( 1018): isReadyToStart : return false3
V/DownloadManager( 1018): updateDownload DB read start id :  72, Status:200, largemode : 0, settingMode : 0
V/LFT     ( 1018): isReadyToStart mId, mStatus=72:200
D/DownloadManager( 1018): isReadyToStart : return false3
V/DownloadManager( 1018): updateDownload DB read start id :  73, Status:200, largemode : 0, settingMode : 0
V/LFT     ( 1018): isReadyToStart mId, mStatus=73:200
D/DownloadManager( 1018): isReadyToStart : return false3
V/DownloadManager( 1018): updateDownload DB read start id :  74, Status:192, largemode : 0, settingMode : 0
V/LFT     ( 1018): isReadyToStart mId, mStatus=74:192
D/DownloadManager( 1018): isReadyToStart : DownloadInQueue includes id : 74 return false
I/LFT     ( 1018): updateActiveNotification Package=edu.shell.freegee, mStatus : 192, id : 74, LargeFile :0
I/LFT     ( 1018):  New Package Item new !!  id :  74, Status:192
I/LFT     ( 1018): Noti Item  id :  74, largemode : 0, settingMode : 0
D/PhoneStatusBar(  760): setAreThereNotifications: N=8 any=true clearable=true
D/SizeAdaptiveLayout(  760): com.android.internal.widget.SizeAdaptiveLayout@43bec448child view android.widget.FrameLayout@43bec990 measured out of bounds at 124px clamped to 128px
D/TELProfiling(  950):  [getValue] --->  key  lgu_global_roaming Vale null
D/TELProfiling(  950):  [getValue] --->  key  lgu_global_roaming Vale null
W/SignalStrength(  950): [Helen] Not AT&T
W/SignalStrength(  950): SignalStrength after validate=SignalStrength: 99 0 -112 -95 -120 -1 -1 13 -111 -10 64 2147483647 2147483647 cdma 0
W/SignalStrength(  950): [Helen] Enter RSSI - mGsmSignalStrength=99Dbm=-95
W/SignalStrength(  562): [CDMA] getCdmaLevel_SPCS Dbm =-112
W/SignalStrength(  562): [CDMA] getCdmaLevel_SPCS Ecio =-95
W/SignalStrength(  562): getCdmaLevel_SPCS=1
W/SignalStrength(  562): getLevel=1
W/SignalStrength(  760): [CDMA] getCdmaLevel_SPCS Dbm =-112
W/SignalStrength(  760): [CDMA] getCdmaLevel_SPCS Ecio =-95
W/SignalStrength(  760): getCdmaLevel_SPCS=1
W/SignalStrength(  760): getLevel=1
W/SignalStrength(  760): [CDMA] getCdmaLevel_SPCS Dbm =-112
W/SignalStrength(  760): [CDMA] getCdmaLevel_SPCS Ecio =-95
W/SignalStrength(  760): getCdmaLevel_SPCS=1
W/SignalStrength(  760): getLevel=1
W/SignalStrength(  760): [CDMA] getCdmaLevel_SPCS Dbm =-112
W/SignalStrength(  760): [CDMA] getCdmaLevel_SPCS Ecio =-95
W/SignalStrength(  760): getCdmaLevel_SPCS=1
D/TELProfiling(  950):  [getValue] --->  key  lgu_global_roaming Vale null
D/TELProfiling(  950):  [getValue] --->  key  lgu_global_roaming Vale null
W/SignalStrength(  950): [Helen] Not AT&T
W/SignalStrength(  950): SignalStrength after validate=SignalStrength: 99 0 -112 -95 -120 -1 -1 13 -111 -10 64 2147483647 2147483647 cdma 0
W/SignalStrength(  950): [Helen] Enter RSSI - mGsmSignalStrength=99Dbm=-95
W/SignalStrength(  950): [CDMA] getCdmaLevel_SPCS Dbm =-112
W/SignalStrength(  950): [CDMA] getCdmaLevel_SPCS Ecio =-95
W/SignalStrength(  950): getCdmaLevel_SPCS=1
W/SignalStrength(  950): getLevel=1
D/PhoneInterfaceManager(  950): [PhoneIntfMgr] sigLevel = 1
D/PhoneInterfaceManager(  950): [PhoneIntfMgr] is not LTE-VT
W/SignalStrength(  760): [CDMA] getCdmaLevel_SPCS Dbm =-112
W/SignalStrength(  760): [CDMA] getCdmaLevel_SPCS Ecio =-95
W/SignalStrength(  760): getCdmaLevel_SPCS=1
W/SignalStrength(  760): getLevel=1
D/StatusBar.NetworkController(  760): onSignalStrengthsChanged signalStrength=SignalStrength: 99 0 -112 -95 -120 -1 -1 13 -111 -10 64 2147483647 2147483647 gsm|lte 14 level=1
D/LGPhoneStatusBarPolicy(  760): ACTION_SIGNAL_STRENGTH_CHANGED!!!
D/LGATCMDService(  991): LGATCMDIntentReceiver Intent action = SLATETEST_GET_RSSI
D/StatusBar.NetworkController(  760): refreshViews connected={ wifi } level=1 combinedSignalIconId=0x7f0203a4/com.android.systemui:drawable/stat_sys_wifi_signal_4_fully combinedActivityIconId=0x7f02039a mobileLabel=Sprint wifiLabel=dd-wrtxxxxXXXXxxxxXXXX emergencyOnly=false combinedLabel=dd-wrtxxxxXXXXxxxxXXXX mAirplaneMode=false mDataActivity=0 mPhoneSignalIconId=0x7f020343 mDataDirectionIconId=0x0 mDataSignalIconId=0x7f020343 mDataTypeIconId=0x0 mNoSimIconId=0x0 mThirdTypeIconId=0x0 mWifiIconId=0x7f0203a4 mBluetoothTetherIconId=0x108054f
I/MediaStoreImporter( 2407): Update: incremental Added music: 0 Updated music: 0 Deleted music: 0 Created playlists: 0 Updated playlists: 0 Deleted playlists: 0 Inserted playlist items: 0 Deleted playlist items: 0 Removed orphaned playlist items: 0
D/NetdConnector(  562): RCV <- {601 limit alert globalAlert wlan0}
D/PowerManagerService(  562): acquireWakeLock flags=0x1 tag=NetworkStats
D/PowerManagerService(  562): releaseWakeLock flags=0x1 tag=NetworkStats
D/NetdConnector(  562): SND -> {40 bandwidth setglobalalert 2097152}
D/MobileDataStateTracker(  562): default: setPolicyDataEnable(enabled=true)
D/NetdConnector(  562): RCV <- {200 40 Bandwidth command succeeeded}
D/NetdConnector(  562): RMV <- {200 40 Bandwidth command succeeeded}
D/DownloadManager( 1018): Cursor load start
D/DownloadManager( 1018): Cursor load end
V/DownloadManager( 1018): updateDownload DB read start id :  1, Status:200, largemode : 0, settingMode : 0
V/LFT     ( 1018): isReadyToStart mId, mStatus=1:200
D/DownloadManager( 1018): isReadyToStart : return false3
V/DownloadManager( 1018): updateDownload DB read start id :  2, Status:200, largemode : 0, settingMode : 0
V/LFT     ( 1018): isReadyToStart mId, mStatus=2:200
D/DownloadManager( 1018): isReadyToStart : return false3
V/DownloadManager( 1018): updateDownload DB read start id :  3, Status:200, largemode : 0, settingMode : 0
V/LFT     ( 1018): isReadyToStart mId, mStatus=3:200
D/DownloadManager( 1018): isReadyToStart : return false3
V/DownloadManager( 1018): updateDownload DB read start id :  4, Status:200, largemode : 0, settingMode : 0
V/LFT     ( 1018): isReadyToStart mId, mStatus=4:200
D/DownloadManager( 1018): isReadyToStart : return false3
V/DownloadManager( 1018): updateDownload DB read start id :  5, Status:200, largemode : 0, settingMode : 0
V/LFT     ( 1018): isReadyToStart mId, mStatus=5:200
D/DownloadManager( 1018): isReadyToStart : return false3
V/DownloadManager( 1018): updateDownload DB read start id :  6, Status:200, largemode : 0, settingMode : 0
V/LFT     ( 1018): isReadyToStart mId, mStatus=6:200
D/DownloadManager( 1018): isReadyToStart : return false3
V/DownloadManager( 1018): updateDownload DB read start id :  7, Status:200, largemode : 0, settingMode : 0
V/LFT     ( 1018): isReadyToStart mId, mStatus=7:200
D/DownloadManager( 1018): isReadyToStart : return false3
V/DownloadManager( 1018): updateDownload DB read start id :  8, Status:200, largemode : 0, settingMode : 0
V/LFT     ( 1018): isReadyToStart mId, mStatus=8:200
D/DownloadManager( 1018): isReadyToStart : return false3
V/DownloadManager( 1018): updateDownload DB read start id :  9, Status:200, largemode : 0, settingMode : 0
V/LFT     ( 1018): isReadyToStart mId, mStatus=9:200
D/DownloadManager( 1018): isReadyToStart : return false3
V/DownloadManager( 1018): updateDownload DB read start id :  10, Status:200, largemode : 0, settingMode : 0
V/LFT     ( 1018): isReadyToStart mId, mStatus=10:200
D/DownloadManager( 1018): isReadyToStart : return false3
V/DownloadManager( 1018): updateDownload DB read start id :  11, Status:200, largemode : 0, settingMode : 0
V/LFT     ( 1018): isReadyToStart mId, mStatus=11:200
D/DownloadManager( 1018): isReadyToStart : return false3
V/DownloadManager( 1018): updateDownload DB read start id :  12, Status:200, largemode : 0, settingMode : 0
V/LFT     ( 1018): isReadyToStart mId, mStatus=12:200
D/DownloadManager( 1018): isReadyToStart : return false3
V/DownloadManager( 1018): updateDownload DB read start id :  13, Status:200, largemode : 0, settingMode : 0
V/LFT     ( 1018): isReadyToStart mId, mStatus=13:200
D/DownloadManager( 1018): isReadyToStart : return false3
V/DownloadManager( 1018): updateDownload DB read start id :  14, Status:200, largemode : 0, settingMode : 0
V/LFT     ( 1018): isReadyToStart mId, mStatus=14:200
D/DownloadManager( 1018): isReadyToStart : return false3
V/DownloadManager( 1018): updateDownload DB read start id :  15, Status:200, largemode : 0, settingMode : 0
V/LFT     ( 1018): isReadyToStart mId, mStatus=15:200
D/DownloadManager( 1018): isReadyToStart : return false3
V/DownloadManager( 1018): updateDownload DB read start id :  16, Status:200, largemode : 0, settingMode : 0
V/LFT     ( 1018): isReadyToStart mId, mStatus=16:200
D/DownloadManager( 1018): isReadyToStart : return false3
V/DownloadManager( 1018): updateDownload DB read start id :  17, Status:200, largemode : 0, settingMode : 0
V/WifiServiceExt(  562): checkPollTimer Cnt= 0 rssi =-43 threshold=-85
V/LFT     ( 1018): isReadyToStart mId, mStatus=17:200
D/DownloadManager( 1018): isReadyToStart : return false3
V/DownloadManager( 1018): updateDownload DB read start id :  18, Status:200, largemode : 0, settingMode : 0
V/LFT     ( 1018): isReadyToStart mId, mStatus=18:200
D/DownloadManager( 1018): isReadyToStart : return false3
V/DownloadManager( 1018): updateDownload DB read start id :  19, Status:200, largemode : 0, settingMode : 0
V/LFT     ( 1018): isReadyToStart mId, mStatus=19:200
D/DownloadManager( 1018): isReadyToStart : return false3
V/DownloadManager( 1018): updateDownload DB read start id :  20, Status:200, largemode : 0, settingMode : 0
V/LFT     ( 1018): isReadyToStart mId, mStatus=20:200
D/DownloadManager( 1018): isReadyToStart : return false3
V/DownloadManager( 1018): updateDownload DB read start id :  21, Status:200, largemode : 0, settingMode : 0
V/LFT     ( 1018): isReadyToStart mId, mStatus=21:200
D/DownloadManager( 1018): isReadyToStart : return false3
V/DownloadManager( 1018): updateDownload DB read start id :  22, Status:200, largemode : 0, settingMode : 0
V/LFT     ( 1018): isReadyToStart mId, mStatus=22:200
D/DownloadManager( 1018): isReadyToStart : return false3
V/DownloadManager( 1018): updateDownload DB read start id :  23, Status:200, largemode : 0, settingMode : 0
V/LFT     ( 1018): isReadyToStart mId, mStatus=23:200
D/DownloadManager( 1018): isReadyToStart : return false3
V/DownloadManager( 1018): updateDownload DB read start id :  24, Status:200, largemode : 0, settingMode : 0
V/LFT     ( 1018): isReadyToStart mId, mStatus=24:200
D/DownloadManager( 1018): isReadyToStart : return false3
V/DownloadManager( 1018): updateDownload DB read start id :  25, Status:200, largemode : 0, settingMode : 0
V/LFT     ( 1018): isReadyToStart mId, mStatus=25:200
D/DownloadManager( 1018): isReadyToStart : return false3
V/DownloadManager( 1018): updateDownload DB read start id :  26, Status:200, largemode : 0, settingMode : 0
V/LFT     ( 1018): isReadyToStart mId, mStatus=26:200
D/DownloadManager( 1018): isReadyToStart : return false3
V/DownloadManager( 1018): updateDownload DB read start id :  27, Status:200, largemode : 0, settingMode : 0
V/LFT     ( 1018): isReadyToStart mId, mStatus=27:200
D/DownloadManager( 1018): isReadyToStart : return false3
V/DownloadManager( 1018): updateDownload DB read start id :  28, Status:200, largemode : 0, settingMode : 0
V/LFT     ( 1018): isReadyToStart mId, mStatus=28:200
D/DownloadManager( 1018): isReadyToStart : return false3
V/DownloadManager( 1018): updateDownload DB read start id :  29, Status:200, largemode : 0, settingMode : 0
V/LFT     ( 1018): isReadyToStart mId, mStatus=29:200
D/DownloadManager( 1018): isReadyToStart : return false3
V/DownloadManager( 1018): updateDownload DB read start id :  30, Status:200, largemode : 0, settingMode : 0
V/LFT     ( 1018): isReadyToStart mId, mStatus=30:200
D/DownloadManager( 1018): isReadyToStart : return false3
V/DownloadManager( 1018): updateDownload DB read start id :  31, Status:200, largemode : 0, settingMode : 0
V/LFT     ( 1018): isReadyToStart mId, mStatus=31:200
D/DownloadManager( 1018): isReadyToStart : return false3
V/DownloadManager( 1018): updateDownload DB read start id :  32, Status:200, largemode : 0, settingMode : 0
V/LFT     ( 1018): isReadyToStart mId, mStatus=32:200
D/DownloadManager( 1018): isReadyToStart : return false3
V/DownloadManager( 1018): updateDownload DB read start id :  33, Status:200, largemode : 0, settingMode : 0
V/LFT     ( 1018): isReadyToStart mId, mStatus=33:200
D/DownloadManager( 1018): isReadyToStart : return false3
V/DownloadManager( 1018): updateDownload DB read start id :  34, Status:200, largemode : 0, settingMode : 0
V/LFT     ( 1018): isReadyToStart mId, mStatus=34:200
D/DownloadManager( 1018): isReadyToStart : return false3
V/DownloadManager( 1018): updateDownload DB read start id :  35, Status:200, largemode : 0, settingMode : 0
V/LFT     ( 1018): isReadyToStart mId, mStatus=35:200
D/DownloadManager( 1018): isReadyToStart : return false3
V/DownloadManager( 1018): updateDownload DB read start id :  36, Status:200, largemode : 0, settingMode : 0
V/LFT     ( 1018): isReadyToStart mId, mStatus=36:200
D/DownloadManager( 1018): isReadyToStart : return false3
V/DownloadManager( 1018): updateDownload DB read start id :  37, Status:200, largemode : 0, settingMode : 0
V/LFT     ( 1018): isReadyToStart mId, mStatus=37:200
D/DownloadManager( 1018): isReadyToStart : return false3
V/DownloadManager( 1018): updateDownload DB read start id :  38, Status:200, largemode : 0, settingMode : 0
V/LFT     ( 1018): isReadyToStart mId, mStatus=38:200
D/DownloadManager( 1018): isReadyToStart : return false3
V/DownloadManager( 1018): updateDownload DB read start id :  39, Status:200, largemode : 0, settingMode : 0
V/LFT     ( 1018): isReadyToStart mId, mStatus=39:200
D/DownloadManager( 1018): isReadyToStart : return false3
V/DownloadManager( 1018): updateDownload DB read start id :  40, Status:200, largemode : 0, settingMode : 0
V/LFT     ( 1018): isReadyToStart mId, mStatus=40:200
D/DownloadManager( 1018): isReadyToStart : return false3
V/DownloadManager( 1018): updateDownload DB read start id :  41, Status:200, largemode : 0, settingMode : 0
V/LFT     ( 1018): isReadyToStart mId, mStatus=41:200
D/DownloadManager( 1018): isReadyToStart : return false3
V/DownloadManager( 1018): updateDownload DB read start id :  42, Status:200, largemode : 0, settingMode : 0
V/LFT     ( 1018): isReadyToStart mId, mStatus=42:200
D/DownloadManager( 1018): isReadyToStart : return false3
V/DownloadManager( 1018): updateDownload DB read start id :  43, Status:200, largemode : 0, settingMode : 0
V/LFT     ( 1018): isReadyToStart mId, mStatus=43:200
D/DownloadManager( 1018): isReadyToStart : return false3
V/DownloadManager( 1018): updateDownload DB read start id :  44, Status:200, largemode : 0, settingMode : 0
V/LFT     ( 1018): isReadyToStart mId, mStatus=44:200
D/DownloadManager( 1018): isReadyToStart : return false3
V/DownloadManager( 1018): updateDownload DB read start id :  45, Status:200, largemode : 0, settingMode : 0
V/LFT     ( 1018): isReadyToStart mId, mStatus=45:200
D/DownloadManager( 1018): isReadyToStart : return false3
V/DownloadManager( 1018): updateDownload DB read start id :  46, Status:200, largemode : 0, settingMode : 0
V/LFT     ( 1018): isReadyToStart mId, mStatus=46:200
D/DownloadManager( 1018): isReadyToStart : return false3
V/DownloadManager( 1018): updateDownload DB read start id :  47, Status:200, largemode : 0, settingMode : 0
V/LFT     ( 1018): isReadyToStart mId, mStatus=47:200
D/DownloadManager( 1018): isReadyToStart : return false3
V/DownloadManager( 1018): updateDownload DB read start id :  48, Status:200, largemode : 0, settingMode : 0
V/LFT     ( 1018): isReadyToStart mId, mStatus=48:200
D/DownloadManager( 1018): isReadyToStart : return false3
V/DownloadManager( 1018): updateDownload DB read start id :  49, Status:200, largemode : 0, settingMode : 0
V/LFT     ( 1018): isReadyToStart mId, mStatus=49:200
D/DownloadManager( 1018): isReadyToStart : return false3
V/DownloadManager( 1018): updateDownload DB read start id :  50, Status:200, largemode : 0, settingMode : 0
V/LFT     ( 1018): isReadyToStart mId, mStatus=50:200
D/DownloadManager( 1018): isReadyToStart : return false3
V/DownloadManager( 1018): updateDownload DB read start id :  51, Status:200, largemode : 0, settingMode : 0
V/LFT     ( 1018): isReadyToStart mId, mStatus=51:200
D/DownloadManager( 1018): isReadyToStart : return false3
V/DownloadManager( 1018): updateDownload DB read start id :  52, Status:200, largemode : 0, settingMode : 0
V/LFT     ( 1018): isReadyToStart mId, mStatus=52:200
D/DownloadManager( 1018): isReadyToStart : return false3
V/DownloadManager( 1018): updateDownload DB read start id :  53, Status:200, largemode : 0, settingMode : 0
V/LFT     ( 1018): isReadyToStart mId, mStatus=53:200
D/DownloadManager( 1018): isReadyToStart : return false3
V/DownloadManager( 1018): updateDownload DB read start id :  54, Status:200, largemode : 0, settingMode : 0
V/LFT     ( 1018): isReadyToStart mId, mStatus=54:200
D/DownloadManager( 1018): isReadyToStart : return false3
V/DownloadManager( 1018): updateDownload DB read start id :  55, Status:200, largemode : 0, settingMode : 0
V/LFT     ( 1018): isReadyToStart mId, mStatus=55:200
D/DownloadManager( 1018): isReadyToStart : return false3
V/DownloadManager( 1018): updateDownload DB read start id :  56, Status:200, largemode : 0, settingMode : 0
V/LFT     ( 1018): isReadyToStart mId, mStatus=56:200
D/DownloadManager( 1018): isReadyToStart : return false3
V/DownloadManager( 1018): updateDownload DB read start id :  57, Status:200, largemode : 0, settingMode : 0
V/LFT     ( 1018): isReadyToStart mId, mStatus=57:200
D/DownloadManager( 1018): isReadyToStart : return false3
V/DownloadManager( 1018): updateDownload DB read start id :  58, Status:200, largemode : 0, settingMode : 0
V/LFT     ( 1018): isReadyToStart mId, mStatus=58:200
D/DownloadManager( 1018): isReadyToStart : return false3
V/DownloadManager( 1018): updateDownload DB read start id :  59, Status:200, largemode : 0, settingMode : 0
V/LFT     ( 1018): isReadyToStart mId, mStatus=59:200
D/DownloadManager( 1018): isReadyToStart : return false3
V/DownloadManager( 1018): updateDownload DB read start id :  60, Status:200, largemode : 0, settingMode : 0
V/LFT     ( 1018): isReadyToStart mId, mStatus=60:200
D/DownloadManager( 1018): isReadyToStart : return false3
V/DownloadManager( 1018): updateDownload DB read start id :  61, Status:200, largemode : 0, settingMode : 0
V/LFT     ( 1018): isReadyToStart mId, mStatus=61:200
D/DownloadManager( 1018): isReadyToStart : return false3
V/DownloadManager( 1018): updateDownload DB read start id :  62, Status:200, largemode : 0, settingMode : 0
V/LFT     ( 1018): isReadyToStart mId, mStatus=62:200
D/DownloadManager( 1018): isReadyToStart : return false3
V/DownloadManager( 1018): updateDownload DB read start id :  63, Status:200, largemode : 0, settingMode : 0
V/LFT     ( 1018): isReadyToStart mId, mStatus=63:200
D/DownloadManager( 1018): isReadyToStart : return false3
V/DownloadManager( 1018): updateDownload DB read start id :  64, Status:200, largemode : 0, settingMode : 0
V/LFT     ( 1018): isReadyToStart mId, mStatus=64:200
D/DownloadManager( 1018): isReadyToStart : return false3
V/DownloadManager( 1018): updateDownload DB read start id :  65, Status:200, largemode : 0, settingMode : 0
V/LFT     ( 1018): isReadyToStart mId, mStatus=65:200
D/DownloadManager( 1018): isReadyToStart : return false3
V/DownloadManager( 1018): updateDownload DB read start id :  66, Status:200, largemode : 0, settingMode : 0
V/LFT     ( 1018): isReadyToStart mId, mStatus=66:200
D/DownloadManager( 1018): isReadyToStart : return false3
V/DownloadManager( 1018): updateDownload DB read start id :  67, Status:200, largemode : 0, settingMode : 0
V/LFT     ( 1018): isReadyToStart mId, mStatus=67:200
D/DownloadManager( 1018): isReadyToStart : return false3
V/DownloadManager( 1018): updateDownload DB read start id :  68, Status:200, largemode : 0, settingMode : 0
V/LFT     ( 1018): isReadyToStart mId, mStatus=68:200
D/DownloadManager( 1018): isReadyToStart : return false3
V/DownloadManager( 1018): updateDownload DB read start id :  69, Status:200, largemode : 0, settingMode : 0
V/LFT     ( 1018): isReadyToStart mId, mStatus=69:200
D/DownloadManager( 1018): isReadyToStart : return false3
V/DownloadManager( 1018): updateDownload DB read start id :  70, Status:200, largemode : 0, settingMode : 0
V/LFT     ( 1018): isReadyToStart mId, mStatus=70:200
D/DownloadManager( 1018): isReadyToStart : return false3
V/DownloadManager( 1018): updateDownload DB read start id :  71, Status:200, largemode : 0, settingMode : 0
V/LFT     ( 1018): isReadyToStart mId, mStatus=71:200
D/DownloadManager( 1018): isReadyToStart : return false3
V/DownloadManager( 1018): updateDownload DB read start id :  72, Status:200, largemode : 0, settingMode : 0
V/LFT     ( 1018): isReadyToStart mId, mStatus=72:200
D/DownloadManager( 1018): isReadyToStart : return false3
V/DownloadManager( 1018): updateDownload DB read start id :  73, Status:200, largemode : 0, settingMode : 0
V/LFT     ( 1018): isReadyToStart mId, mStatus=73:200
D/DownloadManager( 1018): isReadyToStart : return false3
V/DownloadManager( 1018): updateDownload DB read start id :  74, Status:192, largemode : 0, settingMode : 0
V/LFT     ( 1018): isReadyToStart mId, mStatus=74:192
D/DownloadManager( 1018): isReadyToStart : DownloadInQueue includes id : 74 return false
I/LFT     ( 1018): updateActiveNotification Package=edu.shell.freegee, mStatus : 192, id : 74, LargeFile :0
I/LFT     ( 1018):  New Package Item new !!  id :  74, Status:192
I/LFT     ( 1018): Noti Item  id :  74, largemode : 0, settingMode : 0
D/SizeAdaptiveLayout(  760): com.android.internal.widget.SizeAdaptiveLayout@43bec448child view android.widget.FrameLayout@43bec990 measured out of bounds at 124px clamped to 128px
D/PhoneStatusBar(  760): setAreThereNotifications: N=8 any=true clearable=true
D/StateMachine(  562): handleMessage: E msg.what=131155
D/StateMachine(  562): processMsg: ConnectedState
D/WifiStateMachine(  562): ConnectedState{ what=131155 when=-4ms arg1=14 }
D/StateMachine(  562): processMsg: L2ConnectedState
D/WifiStateMachine(  562): L2ConnectedState{ what=131155 when=-7ms arg1=14 }
D/wpa_supplicant( 1499): wpa_s 0x41024fe0 cmd SIGNAL_POLL
D/wpa_supplicant( 1499): nl80211: survey data missing!
E/WifiStateMachine(  562): Fetch RSSI NEW RSSI = -43
D/StateMachine(  562): handleMessage: X
D/DownloadManager( 1018): Cursor load start
D/DownloadManager( 1018): Cursor load end
V/DownloadManager( 1018): updateDownload DB read start id :  1, Status:200, largemode : 0, settingMode : 0
V/LFT     ( 1018): isReadyToStart mId, mStatus=1:200
D/DownloadManager( 1018): isReadyToStart : return false3
V/DownloadManager( 1018): updateDownload DB read start id :  2, Status:200, largemode : 0, settingMode : 0
V/LFT     ( 1018): isReadyToStart mId, mStatus=2:200
D/DownloadManager( 1018): isReadyToStart : return false3
V/DownloadManager( 1018): updateDownload DB read start id :  3, Status:200, largemode : 0, settingMode : 0
V/LFT     ( 1018): isReadyToStart mId, mStatus=3:200
D/DownloadManager( 1018): isReadyToStart : return false3
V/DownloadManager( 1018): updateDownload DB read start id :  4, Status:200, largemode : 0, settingMode : 0
V/LFT     ( 1018): isReadyToStart mId, mStatus=4:200
D/DownloadManager( 1018): isReadyToStart : return false3
V/DownloadManager( 1018): updateDownload DB read start id :  5, Status:200, largemode : 0, settingMode : 0
V/LFT     ( 1018): isReadyToStart mId, mStatus=5:200
D/DownloadManager( 1018): isReadyToStart : return false3
V/DownloadManager( 1018): updateDownload DB read start id :  6, Status:200, largemode : 0, settingMode : 0
V/LFT     ( 1018): isReadyToStart mId, mStatus=6:200
D/DownloadManager( 1018): isReadyToStart : return false3
V/DownloadManager( 1018): updateDownload DB read start id :  7, Status:200, largemode : 0, settingMode : 0
V/LFT     ( 1018): isReadyToStart mId, mStatus=7:200
D/DownloadManager( 1018): isReadyToStart : return false3
V/DownloadManager( 1018): updateDownload DB read start id :  8, Status:200, largemode : 0, settingMode : 0
V/LFT     ( 1018): isReadyToStart mId, mStatus=8:200
D/DownloadManager( 1018): isReadyToStart : return false3
V/DownloadManager( 1018): updateDownload DB read start id :  9, Status:200, largemode : 0, settingMode : 0
V/LFT     ( 1018): isReadyToStart mId, mStatus=9:200
D/DownloadManager( 1018): isReadyToStart : return false3
V/DownloadManager( 1018): updateDownload DB read start id :  10, Status:200, largemode : 0, settingMode : 0
V/LFT     ( 1018): isReadyToStart mId, mStatus=10:200
D/DownloadManager( 1018): isReadyToStart : return false3
V/DownloadManager( 1018): updateDownload DB read start id :  11, Status:200, largemode : 0, settingMode : 0
V/LFT     ( 1018): isReadyToStart mId, mStatus=11:200
D/DownloadManager( 1018): isReadyToStart : return false3
V/DownloadManager( 1018): updateDownload DB read start id :  12, Status:200, largemode : 0, settingMode : 0
V/LFT     ( 1018): isReadyToStart mId, mStatus=12:200
D/DownloadManager( 1018): isReadyToStart : return false3
V/DownloadManager( 1018): updateDownload DB read start id :  13, Status:200, largemode : 0, settingMode : 0
V/LFT     ( 1018): isReadyToStart mId, mStatus=13:200
D/DownloadManager( 1018): isReadyToStart : return false3
V/DownloadManager( 1018): updateDownload DB read start id :  14, Status:200, largemode : 0, settingMode : 0
V/LFT     ( 1018): isReadyToStart mId, mStatus=14:200
D/DownloadManager( 1018): isReadyToStart : return false3
V/DownloadManager( 1018): updateDownload DB read start id :  15, Status:200, largemode : 0, settingMode : 0
V/LFT     ( 1018): isReadyToStart mId, mStatus=15:200
D/DownloadManager( 1018): isReadyToStart : return false3
V/DownloadManager( 1018): updateDownload DB read start id :  16, Status:200, largemode : 0, settingMode : 0
V/LFT     ( 1018): isReadyToStart mId, mStatus=16:200
D/DownloadManager( 1018): isReadyToStart : return false3
V/DownloadManager( 1018): updateDownload DB read start id :  17, Status:200, largemode : 0, settingMode : 0
V/LFT     ( 1018): isReadyToStart mId, mStatus=17:200
D/DownloadManager( 1018): isReadyToStart : return false3
V/DownloadManager( 1018): updateDownload DB read start id :  18, Status:200, largemode : 0, settingMode : 0
V/LFT     ( 1018): isReadyToStart mId, mStatus=18:200
D/DownloadManager( 1018): isReadyToStart : return false3
V/DownloadManager( 1018): updateDownload DB read start id :  19, Status:200, largemode : 0, settingMode : 0
V/LFT     ( 1018): isReadyToStart mId, mStatus=19:200
D/DownloadManager( 1018): isReadyToStart : return false3
V/DownloadManager( 1018): updateDownload DB read start id :  20, Status:200, largemode : 0, settingMode : 0
V/LFT     ( 1018): isReadyToStart mId, mStatus=20:200
D/DownloadManager( 1018): isReadyToStart : return false3
V/DownloadManager( 1018): updateDownload DB read start id :  21, Status:200, largemode : 0, settingMode : 0
V/LFT     ( 1018): isReadyToStart mId, mStatus=21:200
D/DownloadManager( 1018): isReadyToStart : return false3
V/DownloadManager( 1018): updateDownload DB read start id :  22, Status:200, largemode : 0, settingMode : 0
V/LFT     ( 1018): isReadyToStart mId, mStatus=22:200
D/DownloadManager( 1018): isReadyToStart : return false3
V/DownloadManager( 1018): updateDownload DB read start id :  23, Status:200, largemode : 0, settingMode : 0
V/LFT     ( 1018): isReadyToStart mId, mStatus=23:200
D/DownloadManager( 1018): isReadyToStart : return false3
V/DownloadManager( 1018): updateDownload DB read start id :  24, Status:200, largemode : 0, settingMode : 0
V/LFT     ( 1018): isReadyToStart mId, mStatus=24:200
D/DownloadManager( 1018): isReadyToStart : return false3
V/DownloadManager( 1018): updateDownload DB read start id :  25, Status:200, largemode : 0, settingMode : 0
V/LFT     ( 1018): isReadyToStart mId, mStatus=25:200
D/DownloadManager( 1018): isReadyToStart : return false3
V/DownloadManager( 1018): updateDownload DB read start id :  26, Status:200, largemode : 0, settingMode : 0
V/LFT     ( 1018): isReadyToStart mId, mStatus=26:200
D/DownloadManager( 1018): isReadyToStart : return false3
V/DownloadManager( 1018): updateDownload DB read start id :  27, Status:200, largemode : 0, settingMode : 0
V/LFT     ( 1018): isReadyToStart mId, mStatus=27:200
D/DownloadManager( 1018): isReadyToStart : return false3
V/DownloadManager( 1018): updateDownload DB read start id :  28, Status:200, largemode : 0, settingMode : 0
V/LFT     ( 1018): isReadyToStart mId, mStatus=28:200
D/DownloadManager( 1018): isReadyToStart : return false3
V/DownloadManager( 1018): updateDownload DB read start id :  29, Status:200, largemode : 0, settingMode : 0
V/LFT     ( 1018): isReadyToStart mId, mStatus=29:200
D/DownloadManager( 1018): isReadyToStart : return false3
V/DownloadManager( 1018): updateDownload DB read start id :  30, Status:200, largemode : 0, settingMode : 0
V/LFT     ( 1018): isReadyToStart mId, mStatus=30:200
D/DownloadManager( 1018): isReadyToStart : return false3
V/DownloadManager( 1018): updateDownload DB read start id :  31, Status:200, largemode : 0, settingMode : 0
V/LFT     ( 1018): isReadyToStart mId, mStatus=31:200
D/DownloadManager( 1018): isReadyToStart : return false3
V/DownloadManager( 1018): updateDownload DB read start id :  32, Status:200, largemode : 0, settingMode : 0
V/LFT     ( 1018): isReadyToStart mId, mStatus=32:200
D/DownloadManager( 1018): isReadyToStart : return false3
V/DownloadManager( 1018): updateDownload DB read start id :  33, Status:200, largemode : 0, settingMode : 0
V/LFT     ( 1018): isReadyToStart mId, mStatus=33:200
D/DownloadManager( 1018): isReadyToStart : return false3
V/DownloadManager( 1018): updateDownload DB read start id :  34, Status:200, largemode : 0, settingMode : 0
V/LFT     ( 1018): isReadyToStart mId, mStatus=34:200
D/DownloadManager( 1018): isReadyToStart : return false3
V/DownloadManager( 1018): updateDownload DB read start id :  35, Status:200, largemode : 0, settingMode : 0
V/LFT     ( 1018): isReadyToStart mId, mStatus=35:200
D/DownloadManager( 1018): isReadyToStart : return false3
V/DownloadManager( 1018): updateDownload DB read start id :  36, Status:200, largemode : 0, settingMode : 0
V/LFT     ( 1018): isReadyToStart mId, mStatus=36:200
D/DownloadManager( 1018): isReadyToStart : return false3
V/DownloadManager( 1018): updateDownload DB read start id :  37, Status:200, largemode : 0, settingMode : 0
V/LFT     ( 1018): isReadyToStart mId, mStatus=37:200
D/DownloadManager( 1018): isReadyToStart : return false3
V/DownloadManager( 1018): updateDownload DB read start id :  38, Status:200, largemode : 0, settingMode : 0
V/LFT     ( 1018): isReadyToStart mId, mStatus=38:200
D/DownloadManager( 1018): isReadyToStart : return false3
V/DownloadManager( 1018): updateDownload DB read start id :  39, Status:200, largemode : 0, settingMode : 0
V/LFT     ( 1018): isReadyToStart mId, mStatus=39:200
D/DownloadManager( 1018): isReadyToStart : return false3
V/DownloadManager( 1018): updateDownload DB read start id :  40, Status:200, largemode : 0, settingMode : 0
V/LFT     ( 1018): isReadyToStart mId, mStatus=40:200
D/DownloadManager( 1018): isReadyToStart : return false3
V/DownloadManager( 1018): updateDownload DB read start id :  41, Status:200, largemode : 0, settingMode : 0
V/LFT     ( 1018): isReadyToStart mId, mStatus=41:200
D/DownloadManager( 1018): isReadyToStart : return false3
V/DownloadManager( 1018): updateDownload DB read start id :  42, Status:200, largemode : 0, settingMode : 0
V/LFT     ( 1018): isReadyToStart mId, mStatus=42:200
D/DownloadManager( 1018): isReadyToStart : return false3
V/DownloadManager( 1018): updateDownload DB read start id :  43, Status:200, largemode : 0, settingMode : 0
V/LFT     ( 1018): isReadyToStart mId, mStatus=43:200
D/DownloadManager( 1018): isReadyToStart : return false3
V/DownloadManager( 1018): updateDownload DB read start id :  44, Status:200, largemode : 0, settingMode : 0
V/LFT     ( 1018): isReadyToStart mId, mStatus=44:200
D/DownloadManager( 1018): isReadyToStart : return false3
V/DownloadManager( 1018): updateDownload DB read start id :  45, Status:200, largemode : 0, settingMode : 0
V/LFT     ( 1018): isReadyToStart mId, mStatus=45:200
D/DownloadManager( 1018): isReadyToStart : return false3
V/DownloadManager( 1018): updateDownload DB read start id :  46, Status:200, largemode : 0, settingMode : 0
V/LFT     ( 1018): isReadyToStart mId, mStatus=46:200
D/DownloadManager( 1018): isReadyToStart : return false3
V/DownloadManager( 1018): updateDownload DB read start id :  47, Status:200, largemode : 0, settingMode : 0
V/LFT     ( 1018): isReadyToStart mId, mStatus=47:200
D/DownloadManager( 1018): isReadyToStart : return false3
V/DownloadManager( 1018): updateDownload DB read start id :  48, Status:200, largemode : 0, settingMode : 0
V/LFT     ( 1018): isReadyToStart mId, mStatus=48:200
D/DownloadManager( 1018): isReadyToStart : return false3
V/DownloadManager( 1018): updateDownload DB read start id :  49, Status:200, largemode : 0, settingMode : 0
V/LFT     ( 1018): isReadyToStart mId, mStatus=49:200
D/DownloadManager( 1018): isReadyToStart : return false3
V/DownloadManager( 1018): updateDownload DB read start id :  50, Status:200, largemode : 0, settingMode : 0
V/LFT     ( 1018): isReadyToStart mId, mStatus=50:200
D/DownloadManager( 1018): isReadyToStart : return false3
V/DownloadManager( 1018): updateDownload DB read start id :  51, Status:200, largemode : 0, settingMode : 0
V/LFT     ( 1018): isReadyToStart mId, mStatus=51:200
D/DownloadManager( 1018): isReadyToStart : return false3
V/DownloadManager( 1018): updateDownload DB read start id :  52, Status:200, largemode : 0, settingMode : 0
V/LFT     ( 1018): isReadyToStart mId, mStatus=52:200
D/DownloadManager( 1018): isReadyToStart : return false3
V/DownloadManager( 1018): updateDownload DB read start id :  53, Status:200, largemode : 0, settingMode : 0
V/LFT     ( 1018): isReadyToStart mId, mStatus=53:200
D/DownloadManager( 1018): isReadyToStart : return false3
V/DownloadManager( 1018): updateDownload DB read start id :  54, Status:200, largemode : 0, settingMode : 0
V/LFT     ( 1018): isReadyToStart mId, mStatus=54:200
D/DownloadManager( 1018): isReadyToStart : return false3
V/DownloadManager( 1018): updateDownload DB read start id :  55, Status:200, largemode : 0, settingMode : 0
V/LFT     ( 1018): isReadyToStart mId, mStatus=55:200
D/DownloadManager( 1018): isReadyToStart : return false3
V/DownloadManager( 1018): updateDownload DB read start id :  56, Status:200, largemode : 0, settingMode : 0
V/LFT     ( 1018): isReadyToStart mId, mStatus=56:200
D/DownloadManager( 1018): isReadyToStart : return false3
V/DownloadManager( 1018): updateDownload DB read start id :  57, Status:200, largemode : 0, settingMode : 0
V/LFT     ( 1018): isReadyToStart mId, mStatus=57:200
D/DownloadManager( 1018): isReadyToStart : return false3
V/DownloadManager( 1018): updateDownload DB read start id :  58, Status:200, largemode : 0, settingMode : 0
V/LFT     ( 1018): isReadyToStart mId, mStatus=58:200
D/DownloadManager( 1018): isReadyToStart : return false3
V/DownloadManager( 1018): updateDownload DB read start id :  59, Status:200, largemode : 0, settingMode : 0
V/LFT     ( 1018): isReadyToStart mId, mStatus=59:200
D/DownloadManager( 1018): isReadyToStart : return false3
V/DownloadManager( 1018): updateDownload DB read start id :  60, Status:200, largemode : 0, settingMode : 0
V/LFT     ( 1018): isReadyToStart mId, mStatus=60:200
D/DownloadManager( 1018): isReadyToStart : return false3
V/DownloadManager( 1018): updateDownload DB read start id :  61, Status:200, largemode : 0, settingMode : 0
V/LFT     ( 1018): isReadyToStart mId, mStatus=61:200
D/DownloadManager( 1018): isReadyToStart : return false3
V/DownloadManager( 1018): updateDownload DB read start id :  62, Status:200, largemode : 0, settingMode : 0
V/LFT     ( 1018): isReadyToStart mId, mStatus=62:200
D/DownloadManager( 1018): isReadyToStart : return false3
V/DownloadManager( 1018): updateDownload DB read start id :  63, Status:200, largemode : 0, settingMode : 0
V/LFT     ( 1018): isReadyToStart mId, mStatus=63:200
D/DownloadManager( 1018): isReadyToStart : return false3
V/DownloadManager( 1018): updateDownload DB read start id :  64, Status:200, largemode : 0, settingMode : 0
V/LFT     ( 1018): isReadyToStart mId, mStatus=64:200
D/DownloadManager( 1018): isReadyToStart : return false3
V/DownloadManager( 1018): updateDownload DB read start id :  65, Status:200, largemode : 0, settingMode : 0
V/LFT     ( 1018): isReadyToStart mId, mStatus=65:200
D/DownloadManager( 1018): isReadyToStart : return false3
V/DownloadManager( 1018): updateDownload DB read start id :  66, Status:200, largemode : 0, settingMode : 0
V/LFT     ( 1018): isReadyToStart mId, mStatus=66:200
D/DownloadManager( 1018): isReadyToStart : return false3
V/DownloadManager( 1018): updateDownload DB read start id :  67, Status:200, largemode : 0, settingMode : 0
V/LFT     ( 1018): isReadyToStart mId, mStatus=67:200
D/DownloadManager( 1018): isReadyToStart : return false3
V/DownloadManager( 1018): updateDownload DB read start id :  68, Status:200, largemode : 0, settingMode : 0
V/LFT     ( 1018): isReadyToStart mId, mStatus=68:200
D/DownloadManager( 1018): isReadyToStart : return false3
V/DownloadManager( 1018): updateDownload DB read start id :  69, Status:200, largemode : 0, settingMode : 0
V/LFT     ( 1018): isReadyToStart mId, mStatus=69:200
D/DownloadManager( 1018): isReadyToStart : return false3
V/DownloadManager( 1018): updateDownload DB read start id :  70, Status:200, largemode : 0, settingMode : 0
V/LFT     ( 1018): isReadyToStart mId, mStatus=70:200
D/DownloadManager( 1018): isReadyToStart : return false3
V/DownloadManager( 1018): updateDownload DB read start id :  71, Status:200, largemode : 0, settingMode : 0
V/LFT     ( 1018): isReadyToStart mId, mStatus=71:200
D/DownloadManager( 1018): isReadyToStart : return false3
V/DownloadManager( 1018): updateDownload DB read start id :  72, Status:200, largemode : 0, settingMode : 0
V/LFT     ( 1018): isReadyToStart mId, mStatus=72:200
D/DownloadManager( 1018): isReadyToStart : return false3
V/DownloadManager( 1018): updateDownload DB read start id :  73, Status:200, largemode : 0, settingMode : 0
V/LFT     ( 1018): isReadyToStart mId, mStatus=73:200
D/DownloadManager( 1018): isReadyToStart : return false3
V/DownloadManager( 1018): updateDownload DB read start id :  74, Status:192, largemode : 0, settingMode : 0
V/LFT     ( 1018): isReadyToStart mId, mStatus=74:192
D/DownloadManager( 1018): isReadyToStart : DownloadInQueue includes id : 74 return false
I/LFT     ( 1018): updateActiveNotification Package=edu.shell.freegee, mStatus : 192, id : 74, LargeFile :0
I/LFT     ( 1018):  New Package Item new !!  id :  74, Status:192
I/LFT     ( 1018): Noti Item  id :  74, largemode : 0, settingMode : 0
D/PhoneStatusBar(  760): setAreThereNotifications: N=8 any=true clearable=true
D/SizeAdaptiveLayout(  760): com.android.internal.widget.SizeAdaptiveLayout@43bec448child view android.widget.FrameLayout@43bec990 measured out of bounds at 124px clamped to 128px
D/TELProfiling(  950):  [getValue] --->  key  lgu_global_roaming Vale null
D/TELProfiling(  950):  [getValue] --->  key  lgu_global_roaming Vale null
W/SignalStrength(  950): [Helen] Not AT&T
W/SignalStrength(  950): SignalStrength after validate=SignalStrength: 99 0 -110 -95 -120 -1 -1 13 -113 -13 34 2147483647 2147483647 cdma 0
W/SignalStrength(  950): [Helen] Enter RSSI - mGsmSignalStrength=99Dbm=-95
W/SignalStrength(  760): [CDMA] getCdmaLevel_SPCS Dbm =-110
W/SignalStrength(  760): [CDMA] getCdmaLevel_SPCS Ecio =-95
W/SignalStrength(  760): getCdmaLevel_SPCS=1
W/SignalStrength(  760): getLevel=1
D/StatusBar.NetworkController(  760): onSignalStrengthsChanged signalStrength=SignalStrength: 99 0 -110 -95 -120 -1 -1 13 -113 -13 34 2147483647 2147483647 gsm|lte 14 level=1
W/SignalStrength(  760): [CDMA] getCdmaLevel_SPCS Dbm =-110
W/SignalStrength(  760): [CDMA] getCdmaLevel_SPCS Ecio =-95
W/SignalStrength(  760): getCdmaLevel_SPCS=1
W/SignalStrength(  760): getLevel=1
W/SignalStrength(  760): [CDMA] getCdmaLevel_SPCS Dbm =-110
W/SignalStrength(  760): [CDMA] getCdmaLevel_SPCS Ecio =-95
W/SignalStrength(  562): [CDMA] getCdmaLevel_SPCS Dbm =-110
W/SignalStrength(  760): getCdmaLevel_SPCS=1
W/SignalStrength(  562): [CDMA] getCdmaLevel_SPCS Ecio =-95
W/SignalStrength(  562): getCdmaLevel_SPCS=1
W/SignalStrength(  562): getLevel=1
D/PhoneInterfaceManager(  950): [PhoneIntfMgr] is not LTE-VT
D/LGATCMDService(  991): LGATCMDIntentReceiver Intent action = SLATETEST_GET_RSSI
W/SignalStrength(  760): [CDMA] getCdmaLevel_SPCS Dbm =-110
W/SignalStrength(  760): [CDMA] getCdmaLevel_SPCS Ecio =-95
W/SignalStrength(  760): getCdmaLevel_SPCS=1
W/SignalStrength(  760): getLevel=1
D/StatusBar.NetworkController(  760): refreshViews connected={ wifi } level=1 combinedSignalIconId=0x7f0203a4/com.android.systemui:drawable/stat_sys_wifi_signal_4_fully combinedActivityIconId=0x7f02039a mobileLabel=Sprint wifiLabel=dd-wrtxxxxXXXXxxxxXXXX emergencyOnly=false combinedLabel=dd-wrtxxxxXXXXxxxxXXXX mAirplaneMode=false mDataActivity=0 mPhoneSignalIconId=0x7f020343 mDataDirectionIconId=0x0 mDataSignalIconId=0x7f020343 mDataTypeIconId=0x0 mNoSimIconId=0x0 mThirdTypeIconId=0x0 mWifiIconId=0x7f0203a4 mBluetoothTetherIconId=0x108054f
D/TELProfiling(  950):  [getValue] --->  key  lgu_global_roaming Vale null
D/TELProfiling(  950):  [getValue] --->  key  lgu_global_roaming Vale null
W/SignalStrength(  950): [Helen] Not AT&T
D/LGPhoneStatusBarPolicy(  760): ACTION_SIGNAL_STRENGTH_CHANGED!!!
W/SignalStrength(  950): SignalStrength after validate=SignalStrength: 99 0 -110 -95 -120 -1 -1 13 -113 -13 34 2147483647 2147483647 cdma 0
W/SignalStrength(  950): [Helen] Enter RSSI - mGsmSignalStrength=99Dbm=-95
W/SignalStrength(  950): [CDMA] getCdmaLevel_SPCS Dbm =-110
W/SignalStrength(  950): [CDMA] getCdmaLevel_SPCS Ecio =-95
W/SignalStrength(  950): getCdmaLevel_SPCS=1
W/SignalStrength(  950): getLevel=1
D/PhoneInterfaceManager(  950): [PhoneIntfMgr] sigLevel = 1
V/WifiServiceExt(  562): checkPollTimer Cnt= 0 rssi =-43 threshold=-85
D/DownloadManager( 1018): Cursor load start
D/dalvikvm(  562): WAIT_FOR_CONCURRENT_GC blocked 0ms
D/dalvikvm(  562): GC_EXPLICIT freed 2757K, 47% free 27032K/50631K, paused 4ms+9ms, total 103ms
D/DownloadManager( 1018): Cursor load end
V/DownloadManager( 1018): updateDownload DB read start id :  1, Status:200, largemode : 0, settingMode : 0
V/LFT     ( 1018): isReadyToStart mId, mStatus=1:200
D/DownloadManager( 1018): isReadyToStart : return false3
V/DownloadManager( 1018): updateDownload DB read start id :  2, Status:200, largemode : 0, settingMode : 0
V/LFT     ( 1018): isReadyToStart mId, mStatus=2:200
D/DownloadManager( 1018): isReadyToStart : return false3
V/DownloadManager( 1018): updateDownload DB read start id :  3, Status:200, largemode : 0, settingMode : 0
V/LFT     ( 1018): isReadyToStart mId, mStatus=3:200
D/DownloadManager( 1018): isReadyToStart : return false3
V/DownloadManager( 1018): updateDownload DB read start id :  4, Status:200, largemode : 0, settingMode : 0
V/LFT     ( 1018): isReadyToStart mId, mStatus=4:200
D/DownloadManager( 1018): isReadyToStart : return false3
V/DownloadManager( 1018): updateDownload DB read start id :  5, Status:200, largemode : 0, settingMode : 0
V/LFT     ( 1018): isReadyToStart mId, mStatus=5:200
D/DownloadManager( 1018): isReadyToStart : return false3
V/DownloadManager( 1018): updateDownload DB read start id :  6, Status:200, largemode : 0, settingMode : 0
V/LFT     ( 1018): isReadyToStart mId, mStatus=6:200
D/DownloadManager( 1018): isReadyToStart : return false3
V/DownloadManager( 1018): updateDownload DB read start id :  7, Status:200, largemode : 0, settingMode : 0
V/LFT     ( 1018): isReadyToStart mId, mStatus=7:200
D/DownloadManager( 1018): isReadyToStart : return false3
V/DownloadManager( 1018): updateDownload DB read start id :  8, Status:200, largemode : 0, settingMode : 0
V/LFT     ( 1018): isReadyToStart mId, mStatus=8:200
D/DownloadManager( 1018): isReadyToStart : return false3
V/DownloadManager( 1018): updateDownload DB read start id :  9, Status:200, largemode : 0, settingMode : 0
V/LFT     ( 1018): isReadyToStart mId, mStatus=9:200
D/DownloadManager( 1018): isReadyToStart : return false3
V/DownloadManager( 1018): updateDownload DB read start id :  10, Status:200, largemode : 0, settingMode : 0
V/LFT     ( 1018): isReadyToStart mId, mStatus=10:200
D/DownloadManager( 1018): isReadyToStart : return false3
V/DownloadManager( 1018): updateDownload DB read start id :  11, Status:200, largemode : 0, settingMode : 0
V/LFT     ( 1018): isReadyToStart mId, mStatus=11:200
D/DownloadManager( 1018): isReadyToStart : return false3
V/DownloadManager( 1018): updateDownload DB read start id :  12, Status:200, largemode : 0, settingMode : 0
V/LFT     ( 1018): isReadyToStart mId, mStatus=12:200
D/DownloadManager( 1018): isReadyToStart : return false3
V/DownloadManager( 1018): updateDownload DB read start id :  13, Status:200, largemode : 0, settingMode : 0
V/LFT     ( 1018): isReadyToStart mId, mStatus=13:200
D/DownloadManager( 1018): isReadyToStart : return false3
V/DownloadManager( 1018): updateDownload DB read start id :  14, Status:200, largemode : 0, settingMode : 0
D/NetdConnector(  562): RCV <- {601 limit alert globalAlert wlan0}
D/PowerManagerService(  562): acquireWakeLock flags=0x1 tag=NetworkStats
V/LFT     ( 1018): isReadyToStart mId, mStatus=14:200
D/DownloadManager( 1018): isReadyToStart : return false3
V/DownloadManager( 1018): updateDownload DB read start id :  15, Status:200, largemode : 0, settingMode : 0
V/LFT     ( 1018): isReadyToStart mId, mStatus=15:200
D/DownloadManager( 1018): isReadyToStart : return false3
V/DownloadManager( 1018): updateDownload DB read start id :  16, Status:200, largemode : 0, settingMode : 0
V/LFT     ( 1018): isReadyToStart mId, mStatus=16:200
D/DownloadManager( 1018): isReadyToStart : return false3
V/DownloadManager( 1018): updateDownload DB read start id :  17, Status:200, largemode : 0, settingMode : 0
V/LFT     ( 1018): isReadyToStart mId, mStatus=17:200
D/DownloadManager( 1018): isReadyToStart : return false3
V/DownloadManager( 1018): updateDownload DB read start id :  18, Status:200, largemode : 0, settingMode : 0
V/LFT     ( 1018): isReadyToStart mId, mStatus=18:200
D/DownloadManager( 1018): isReadyToStart : return false3
V/DownloadManager( 1018): updateDownload DB read start id :  19, Status:200, largemode : 0, settingMode : 0
V/LFT     ( 1018): isReadyToStart mId, mStatus=19:200
D/DownloadManager( 1018): isReadyToStart : return false3
