--------- beginning of /dev/log/system
D/PowerManagerService(  562):   oldKeyboardBright=false newKeyboardBright=false
D/PowerManagerService(  562):   oldScreenBright=true newScreenBright=true
D/PowerManagerService(  562):   oldButtonBright=true newButtonBright=true
D/PowerManagerService(  562):   oldScreenOn=true newScreenOn=true
D/PowerManagerService(  562):   oldBatteryLow=false newBatteryLow=false
W/InputMethodManagerService(  562): Found no subtypes in a system IME: com.lge.ime
D/PowerManagerService(  562): acquireWakeLock flags=0x1 tag=NfcService:mRoutingWakeLock
W/InputMethodManagerService(  562): Got RemoteException sending setActive(false) notification to pid 4296 uid 10120
D/PowerManagerService(  562): releaseWakeLock flags=0x1 tag=NfcService:mRoutingWakeLock
D/StatusBar.NetworkController(  760): refreshViews connected={ wifi } level=3 combinedSignalIconId=0x7f0203a4/com.android.systemui:drawable/stat_sys_wifi_signal_4_fully combinedActivityIconId=0x7f02039b mobileLabel=Sprint wifiLabel=dd-wrtxxxxXXXXxxxxXXXX emergencyOnly=false combinedLabel=dd-wrtxxxxXXXXxxxxXXXX mAirplaneMode=false mDataActivity=0 mPhoneSignalIconId=0x7f020353 mDataDirectionIconId=0x0 mDataSignalIconId=0x7f020353 mDataTypeIconId=0x0 mNoSimIconId=0x0 mThirdTypeIconId=0x0 mWifiIconId=0x7f0203a4 mBluetoothTetherIconId=0x108054f
D/StatusBar.NetworkController(  760): changing data overlay icon id to 2130838427
D/PowerManagerService(  562): acquireWakeLock flags=0x1 tag=Icing
D/PowerManagerService(  562): releaseWakeLock flags=0x1 tag=Icing
D/BackupManagerService(  562): Received broadcast Intent { act=android.intent.action.PACKAGE_REMOVED dat=package:edu.shell.freegee flg=0x8000010 (has extras) }
D/BackupManagerService(  562): Received broadcast Intent { act=android.intent.action.PACKAGE_ADDED dat=package:edu.shell.freegee flg=0x8000010 (has extras) }
V/BackupManagerService(  562): removePackageParticipantsLocked: uid=10120 #1
D/PowerManagerService(  562): acquireWakeLock flags=0x1 tag=AsyncService
D/PowerManagerService(  562): releaseWakeLock flags=0x1 tag=AsyncService
V/BackupManagerService(  562): addPackageParticipantsLocked: #1
D/PowerManagerService(  562): acquireWakeLock flags=0x1 tag=AsyncService
D/PowerManagerService(  562): releaseWakeLock flags=0x1 tag=AsyncService
D/PowerManagerService(  562): acquireWakeLock flags=0x1 tag=babel_rtcs
D/PowerManagerService(  562): releaseWakeLock flags=0x1 tag=babel_rtcs
I/ActivityManager(  562): START {act=android.intent.action.MAIN cat=[android.intent.category.LAUNCHER] flg=0x10000000 cmp=edu.shell.freegee/.FreeGee u=0} from pid 4982
D/PowerManagerService(  562): acquireWakeLock flags=0x1 tag=ActivityManager-Launch
D/WindowManager(  562): [DSDR] mDualScreenActivated=false mDualScreenConnected=false
I/ActivityManager(  562): Start proc edu.shell.freegee for activity edu.shell.freegee/.FreeGee: pid=5007 uid=10120 gids={1015, 3003, 1028}
V/LocationManagerService(  562): _removeUpdates: listener = Receiver{43070b18 Intent PendingIntent{42a29048: PendingIntentRecord{430709c8 com.google.android.gms startService}}}mUpdateRecords: {}
V/LocationManagerService(  562): _removeUpdates: listener = Receiver{429f6a50 Intent PendingIntent{42b99c18: PendingIntentRecord{429f6950 com.google.android.gms startService}}}mUpdateRecords: {}
D/StatusBar.NetworkController(  760): refreshViews connected={ wifi } level=3 combinedSignalIconId=0x7f0203a4/com.android.systemui:drawable/stat_sys_wifi_signal_4_fully combinedActivityIconId=0x7f020399 mobileLabel=Sprint wifiLabel=dd-wrtxxxxXXXXxxxxXXXX emergencyOnly=false combinedLabel=dd-wrtxxxxXXXXxxxxXXXX mAirplaneMode=false mDataActivity=0 mPhoneSignalIconId=0x7f020353 mDataDirectionIconId=0x0 mDataSignalIconId=0x7f020353 mDataTypeIconId=0x0 mNoSimIconId=0x0 mThirdTypeIconId=0x0 mWifiIconId=0x7f0203a4 mBluetoothTetherIconId=0x108054f
D/StatusBar.NetworkController(  760): changing data overlay icon id to 2130838425
D/PowerManagerService(  562): acquireWakeLock flags=0x3000000a tag=SuperSU Receiver Wakelock
D/PowerManagerService(  562): wakeup here mUserState=0x3 mWakeLockState=0x3 previous wakeLockState=0x0
I/PowerManagerService(  562): pid=2103 tag=SuperSU Receiver Wakelock mAcquireCausesWakeupTime=679763 diffTime=679763
D/PowerManagerService(  562): setPowerState: mPowerState=7 newState=7 noChangeLights=false
D/PowerManagerService(  562):   oldKeyboardBright=false newKeyboardBright=false
D/PowerManagerService(  562):   oldScreenBright=true newScreenBright=true
D/PowerManagerService(  562):   oldButtonBright=true newButtonBright=true
D/PowerManagerService(  562):   oldScreenOn=true newScreenOn=true
D/PowerManagerService(  562):   oldBatteryLow=false newBatteryLow=false
I/ActivityManager(  562): START {act=android.intent.action.MAIN flg=0x50840000 cmp=eu.chainfire.supersu/.PromptActivity (has extras) u=0} from pid 2103
D/PowerManagerService(  562): acquireWakeLock flags=0x1 tag=ActivityManager-Launch
W/ActivityManager(  562): Activity pause timeout for ActivityRecord{443362c0 edu.shell.freegee/.FreeGee}
D/PowerManagerService(  562): acquireWakeLock flags=0x3000000a tag=SuperSU Prompt Wakelock
D/PowerManagerService(  562): wakeup here mUserState=0x3 mWakeLockState=0x3 previous wakeLockState=0x3
I/PowerManagerService(  562): pid=2103 tag=SuperSU Prompt Wakelock mAcquireCausesWakeupTime=680376 diffTime=680376
D/PowerManagerService(  562): setPowerState: mPowerState=7 newState=7 noChangeLights=false
D/PowerManagerService(  562):   oldKeyboardBright=false newKeyboardBright=false
D/PowerManagerService(  562):   oldScreenBright=true newScreenBright=true
D/PowerManagerService(  562):   oldButtonBright=true newButtonBright=true
D/PowerManagerService(  562):   oldScreenOn=true newScreenOn=true
D/PowerManagerService(  562):   oldBatteryLow=false newBatteryLow=false
D/WindowManager(  562): [DSDR] mDualScreenActivated=false mDualScreenConnected=false
D/StatusBar.NetworkController(  760): refreshViews connected={ wifi } level=3 combinedSignalIconId=0x7f0203a4/com.android.systemui:drawable/stat_sys_wifi_signal_4_fully combinedActivityIconId=0x0 mobileLabel=Sprint wifiLabel=dd-wrtxxxxXXXXxxxxXXXX emergencyOnly=false combinedLabel=dd-wrtxxxxXXXXxxxxXXXX mAirplaneMode=false mDataActivity=0 mPhoneSignalIconId=0x7f020353 mDataDirectionIconId=0x0 mDataSignalIconId=0x7f020353 mDataTypeIconId=0x0 mNoSimIconId=0x0 mThirdTypeIconId=0x0 mWifiIconId=0x7f0203a4 mBluetoothTetherIconId=0x108054f
D/StatusBar.NetworkController(  760): changing data overlay icon id to 0
D/StatusBar.NetworkController(  760): onSignalStrengthsChanged signalStrength=SignalStrength: 99 0 -100 -75 -120 -1 -1 13 -113 -14 42 2147483647 2147483647 gsm|lte 14 level=3
D/StatusBar.NetworkController(  760): refreshViews connected={ wifi } level=3 combinedSignalIconId=0x7f0203a4/com.android.systemui:drawable/stat_sys_wifi_signal_4_fully combinedActivityIconId=0x0 mobileLabel=Sprint wifiLabel=dd-wrtxxxxXXXXxxxxXXXX emergencyOnly=false combinedLabel=dd-wrtxxxxXXXXxxxxXXXX mAirplaneMode=false mDataActivity=0 mPhoneSignalIconId=0x7f020353 mDataDirectionIconId=0x0 mDataSignalIconId=0x7f020353 mDataTypeIconId=0x0 mNoSimIconId=0x0 mThirdTypeIconId=0x0 mWifiIconId=0x7f0203a4 mBluetoothTetherIconId=0x108054f
D/PowerManagerService(  562): releaseWakeLock flags=0x1 tag=ActivityManager-Launch
I/ViewRootImpl( 2103): ViewRoot's MotionEvent : Down
D/PowerManagerService(  562): userActivity mLastEventTime=678284 time=681157 mUserActivityAllowed=true mUserState=0x3 mWakeLockState=0x3 mProximitySensorActive=false timeoutOverride=-1 force=false
I/ViewRootImpl( 2103): ViewRoot's MotionEvent : Up
D/PowerManagerService(  562): acquireWakeLock flags=0x1 tag=ActivityManager-Launch
D/WindowManager(  562): [DSDR] mDualScreenActivated=false mDualScreenConnected=false
D/WindowManager(  562): [DSDR] mDualScreenActivated=false mDualScreenConnected=false
I/ActivityManager(  562): Activity reported stop, but no longer stopping: ActivityRecord{443362c0 edu.shell.freegee/.FreeGee}
D/PowerManagerService(  562): releaseWakeLock flags=0x1 tag=ActivityManager-Launch
D/PowerManagerService(  562): releaseWakeLock flags=0x3000000a tag=SuperSU Prompt Wakelock
D/PowerManagerService(  562): userActivity mLastEventTime=681157 time=681889 mUserActivityAllowed=true mUserState=0x7 mWakeLockState=0x3 mProximitySensorActive=false timeoutOverride=-1 force=false
D/WindowManager(  562): [DSDR] mDualScreenActivated=false mDualScreenConnected=false
D/PowerManagerService(  562): acquireWakeLock flags=0x2000000a tag=KEEP_SCREEN_ON_FLAG
D/PowerManagerService(  562): here mUserState=0x7 mLocks.gatherState()=0x3 mWakeLockState=0x3
D/PowerManagerService(  562): acquireWakeLock flags=0x1 tag=DownloadManager
D/PhoneStatusBar(  760): addNotification score=0
D/PhoneStatusBar(  760): setAreThereNotifications: N=8 any=true clearable=true
D/PhoneStatusBar(  760): setAreThereNotifications: N=8 any=true clearable=true
D/StatusBar.NetworkController(  760): refreshViews connected={ wifi } level=3 combinedSignalIconId=0x7f0203a4/com.android.systemui:drawable/stat_sys_wifi_signal_4_fully combinedActivityIconId=0x7f02039a mobileLabel=Sprint wifiLabel=dd-wrtxxxxXXXXxxxxXXXX emergencyOnly=false combinedLabel=dd-wrtxxxxXXXXxxxxXXXX mAirplaneMode=false mDataActivity=0 mPhoneSignalIconId=0x7f020353 mDataDirectionIconId=0x0 mDataSignalIconId=0x7f020353 mDataTypeIconId=0x0 mNoSimIconId=0x0 mThirdTypeIconId=0x0 mWifiIconId=0x7f0203a4 mBluetoothTetherIconId=0x108054f
D/StatusBar.NetworkController(  760): changing data overlay icon id to 2130838426
D/PhoneStatusBar(  760): setAreThereNotifications: N=8 any=true clearable=true
D/PhoneStatusBar(  760): setAreThereNotifications: N=8 any=true clearable=true
D/PowerManagerService(  562): releaseWakeLock flags=0x1 tag=DownloadManager
I/ActivityManager(  562): START {flg=0x34800000 cmp=edu.shell.freegee/.FreeGee (has extras) u=0} from pid 5007
D/PhoneStatusBar(  760): setAreThereNotifications: N=8 any=true clearable=true
D/NotificationService(  562): cancelNotificationLocked | lightsSize : 0| r.pkg :com.android.providers.downloads
D/NotificationService(  562): updateLightsLocked() start. mLights.size : 0
I/LightsService(  562): turnOff mId:4 mFlashing:false
D/NotificationService(  562): Registered LED notification number=0
D/PhoneStatusBar(  760): setAreThereNotifications: N=7 any=true clearable=true
D/StatusBar.NetworkController(  760): onSignalStrengthsChanged signalStrength=SignalStrength: 99 0 -100 -75 -120 -1 -1 12 -118 -15 -12 2147483647 2147483647 gsm|lte 14 level=3
D/StatusBar.NetworkController(  760): refreshViews connected={ wifi } level=3 combinedSignalIconId=0x7f0203a4/com.android.systemui:drawable/stat_sys_wifi_signal_4_fully combinedActivityIconId=0x7f02039a mobileLabel=Sprint wifiLabel=dd-wrtxxxxXXXXxxxxXXXX emergencyOnly=false combinedLabel=dd-wrtxxxxXXXXxxxxXXXX mAirplaneMode=false mDataActivity=0 mPhoneSignalIconId=0x7f020353 mDataDirectionIconId=0x0 mDataSignalIconId=0x7f020353 mDataTypeIconId=0x0 mNoSimIconId=0x0 mThirdTypeIconId=0x0 mWifiIconId=0x7f0203a4 mBluetoothTetherIconId=0x108054f
D/PowerManagerService(  562): userActivity mLastEventTime=681889 time=684464 mUserActivityAllowed=true mUserState=0x7 mWakeLockState=0x3 mProximitySensorActive=false timeoutOverride=-1 force=false
D/PowerManagerService(  562): releaseWakeLock flags=0x2000000a tag=KEEP_SCREEN_ON_FLAG
D/PowerManagerService(  562): userActivity mLastEventTime=684464 time=684465 mUserActivityAllowed=true mUserState=0x7 mWakeLockState=0x3 mProximitySensorActive=false timeoutOverride=-1 force=false
D/PowerManagerService(  562): releaseWakeLock flags=0x1 tag=AudioOut_2
D/StatusBar.NetworkController(  760): refreshViews connected={ wifi } level=3 combinedSignalIconId=0x7f0203a4/com.android.systemui:drawable/stat_sys_wifi_signal_4_fully combinedActivityIconId=0x0 mobileLabel=Sprint wifiLabel=dd-wrtxxxxXXXXxxxxXXXX emergencyOnly=false combinedLabel=dd-wrtxxxxXXXXxxxxXXXX mAirplaneMode=false mDataActivity=0 mPhoneSignalIconId=0x7f020353 mDataDirectionIconId=0x0 mDataSignalIconId=0x7f020353 mDataTypeIconId=0x0 mNoSimIconId=0x0 mThirdTypeIconId=0x0 mWifiIconId=0x7f0203a4 mBluetoothTetherIconId=0x108054f
D/StatusBar.NetworkController(  760): changing data overlay icon id to 0
D/StatusBar.NetworkController(  760): onSignalStrengthsChanged signalStrength=SignalStrength: 99 0 -98 -70 -120 -1 -1 12 -110 -9 58 2147483647 2147483647 gsm|lte 14 level=3
D/StatusBar.NetworkController(  760): refreshViews connected={ wifi } level=3 combinedSignalIconId=0x7f0203a4/com.android.systemui:drawable/stat_sys_wifi_signal_4_fully combinedActivityIconId=0x0 mobileLabel=Sprint wifiLabel=dd-wrtxxxxXXXXxxxxXXXX emergencyOnly=false combinedLabel=dd-wrtxxxxXXXXxxxxXXXX mAirplaneMode=false mDataActivity=0 mPhoneSignalIconId=0x7f020353 mDataDirectionIconId=0x0 mDataSignalIconId=0x7f020353 mDataTypeIconId=0x0 mNoSimIconId=0x0 mThirdTypeIconId=0x0 mWifiIconId=0x7f0203a4 mBluetoothTetherIconId=0x108054f
D/StatusBar.NetworkController(  760): refreshViews connected={ wifi } level=3 combinedSignalIconId=0x7f0203a4/com.android.systemui:drawable/stat_sys_wifi_signal_4_fully combinedActivityIconId=0x7f020399 mobileLabel=Sprint wifiLabel=dd-wrtxxxxXXXXxxxxXXXX emergencyOnly=false combinedLabel=dd-wrtxxxxXXXXxxxxXXXX mAirplaneMode=false mDataActivity=0 mPhoneSignalIconId=0x7f020353 mDataDirectionIconId=0x0 mDataSignalIconId=0x7f020353 mDataTypeIconId=0x0 mNoSimIconId=0x0 mThirdTypeIconId=0x0 mWifiIconId=0x7f0203a4 mBluetoothTetherIconId=0x108054f
D/StatusBar.NetworkController(  760): changing data overlay icon id to 2130838425
D/PowerManagerService(  562): releaseWakeLock flags=0x3000000a tag=SuperSU Receiver Wakelock
D/PowerManagerService(  562): userActivity mLastEventTime=684465 time=689773 mUserActivityAllowed=true mUserState=0x7 mWakeLockState=0x0 mProximitySensorActive=false timeoutOverride=-1 force=false
D/PowerManagerService(  562): acquireWakeLock flags=0x1 tag=AlarmManager
D/PowerManagerService(  562): releaseWakeLock flags=0x1 tag=AlarmManager
D/StatusBar.NetworkController(  760): onSignalStrengthsChanged signalStrength=SignalStrength: 99 0 -98 -70 -120 -1 -1 14 -113 -14 32 2147483647 2147483647 gsm|lte 14 level=3
D/StatusBar.NetworkController(  760): refreshViews connected={ wifi } level=3 combinedSignalIconId=0x7f0203a4/com.android.systemui:drawable/stat_sys_wifi_signal_4_fully combinedActivityIconId=0x7f020399 mobileLabel=Sprint wifiLabel=dd-wrtxxxxXXXXxxxxXXXX emergencyOnly=false combinedLabel=dd-wrtxxxxXXXXxxxxXXXX mAirplaneMode=false mDataActivity=0 mPhoneSignalIconId=0x7f020353 mDataDirectionIconId=0x0 mDataSignalIconId=0x7f020353 mDataTypeIconId=0x0 mNoSimIconId=0x0 mThirdTypeIconId=0x0 mWifiIconId=0x7f0203a4 mBluetoothTetherIconId=0x108054f
D/StatusBar.NetworkController(  760): refreshViews connected={ wifi } level=3 combinedSignalIconId=0x7f0203a4/com.android.systemui:drawable/stat_sys_wifi_signal_4_fully combinedActivityIconId=0x0 mobileLabel=Sprint wifiLabel=dd-wrtxxxxXXXXxxxxXXXX emergencyOnly=false combinedLabel=dd-wrtxxxxXXXXxxxxXXXX mAirplaneMode=false mDataActivity=0 mPhoneSignalIconId=0x7f020353 mDataDirectionIconId=0x0 mDataSignalIconId=0x7f020353 mDataTypeIconId=0x0 mNoSimIconId=0x0 mThirdTypeIconId=0x0 mWifiIconId=0x7f0203a4 mBluetoothTetherIconId=0x108054f
D/StatusBar.NetworkController(  760): changing data overlay icon id to 0
D/PowerManagerService(  562): acquireWakeLock flags=0x1 tag=AlarmManager
D/PowerManagerService(  562): releaseWakeLock flags=0x1 tag=AlarmManager
D/PowerManagerService(  562): acquireWakeLock flags=0x1 tag=AlarmManager
D/PowerManagerService(  562): acquireWakeLock flags=0x1 tag=Camera Monitor
D/PowerManagerService(  562): releaseWakeLock flags=0x1 tag=AlarmManager
D/PowerManagerService(  562): releaseWakeLock flags=0x1 tag=Camera Monitor
D/StatusBar.NetworkController(  760): onSignalStrengthsChanged signalStrength=SignalStrength: 99 0 -98 -70 -120 -1 -1 14 -111 -13 70 2147483647 2147483647 gsm|lte 14 level=3
D/StatusBar.NetworkController(  760): refreshViews connected={ wifi } level=3 combinedSignalIconId=0x7f0203a4/com.android.systemui:drawable/stat_sys_wifi_signal_4_fully combinedActivityIconId=0x0 mobileLabel=Sprint wifiLabel=dd-wrtxxxxXXXXxxxxXXXX emergencyOnly=false combinedLabel=dd-wrtxxxxXXXXxxxxXXXX mAirplaneMode=false mDataActivity=0 mPhoneSignalIconId=0x7f020353 mDataDirectionIconId=0x0 mDataSignalIconId=0x7f020353 mDataTypeIconId=0x0 mNoSimIconId=0x0 mThirdTypeIconId=0x0 mWifiIconId=0x7f0203a4 mBluetoothTetherIconId=0x108054f
D/StatusBar.NetworkController(  760): refreshViews connected={ wifi } level=3 combinedSignalIconId=0x7f0203a4/com.android.systemui:drawable/stat_sys_wifi_signal_4_fully combinedActivityIconId=0x7f020399 mobileLabel=Sprint wifiLabel=dd-wrtxxxxXXXXxxxxXXXX emergencyOnly=false combinedLabel=dd-wrtxxxxXXXXxxxxXXXX mAirplaneMode=false mDataActivity=0 mPhoneSignalIconId=0x7f020353 mDataDirectionIconId=0x0 mDataSignalIconId=0x7f020353 mDataTypeIconId=0x0 mNoSimIconId=0x0 mThirdTypeIconId=0x0 mWifiIconId=0x7f0203a4 mBluetoothTetherIconId=0x108054f
D/StatusBar.NetworkController(  760): changing data overlay icon id to 2130838425
D/StatusBar.NetworkController(  760): onSignalStrengthsChanged signalStrength=SignalStrength: 99 0 -98 -85 -120 -1 -1 14 -111 -13 70 2147483647 2147483647 gsm|lte 14 level=3
D/StatusBar.NetworkController(  760): refreshViews connected={ wifi } level=3 combinedSignalIconId=0x7f0203a4/com.android.systemui:drawable/stat_sys_wifi_signal_4_fully combinedActivityIconId=0x7f020399 mobileLabel=Sprint wifiLabel=dd-wrtxxxxXXXXxxxxXXXX emergencyOnly=false combinedLabel=dd-wrtxxxxXXXXxxxxXXXX mAirplaneMode=false mDataActivity=0 mPhoneSignalIconId=0x7f020353 mDataDirectionIconId=0x0 mDataSignalIconId=0x7f020353 mDataTypeIconId=0x0 mNoSimIconId=0x0 mThirdTypeIconId=0x0 mWifiIconId=0x7f0203a4 mBluetoothTetherIconId=0x108054f
D/StatusBar.NetworkController(  760): onSignalStrengthsChanged signalStrength=SignalStrength: 99 0 -98 -85 -120 -1 -1 14 -114 -14 30 2147483647 2147483647 gsm|lte 14 level=3
D/StatusBar.NetworkController(  760): refreshViews connected={ wifi } level=3 combinedSignalIconId=0x7f0203a4/com.android.systemui:drawable/stat_sys_wifi_signal_4_fully combinedActivityIconId=0x7f020399 mobileLabel=Sprint wifiLabel=dd-wrtxxxxXXXXxxxxXXXX emergencyOnly=false combinedLabel=dd-wrtxxxxXXXXxxxxXXXX mAirplaneMode=false mDataActivity=0 mPhoneSignalIconId=0x7f020353 mDataDirectionIconId=0x0 mDataSignalIconId=0x7f020353 mDataTypeIconId=0x0 mNoSimIconId=0x0 mThirdTypeIconId=0x0 mWifiIconId=0x7f0203a4 mBluetoothTetherIconId=0x108054f
D/StatusBar.NetworkController(  760): refreshViews connected={ wifi } level=3 combinedSignalIconId=0x7f0203a4/com.android.systemui:drawable/stat_sys_wifi_signal_4_fully combinedActivityIconId=0x0 mobileLabel=Sprint wifiLabel=dd-wrtxxxxXXXXxxxxXXXX emergencyOnly=false combinedLabel=dd-wrtxxxxXXXXxxxxXXXX mAirplaneMode=false mDataActivity=0 mPhoneSignalIconId=0x7f020353 mDataDirectionIconId=0x0 mDataSignalIconId=0x7f020353 mDataTypeIconId=0x0 mNoSimIconId=0x0 mThirdTypeIconId=0x0 mWifiIconId=0x7f0203a4 mBluetoothTetherIconId=0x108054f
D/StatusBar.NetworkController(  760): changing data overlay icon id to 0
D/StatusBar.NetworkController(  760): onSignalStrengthsChanged signalStrength=SignalStrength: 99 0 -98 -70 -120 -1 -1 14 -113 -13 38 2147483647 2147483647 gsm|lte 14 level=3
D/StatusBar.NetworkController(  760): refreshViews connected={ wifi } level=3 combinedSignalIconId=0x7f0203a4/com.android.systemui:drawable/stat_sys_wifi_signal_4_fully combinedActivityIconId=0x0 mobileLabel=Sprint wifiLabel=dd-wrtxxxxXXXXxxxxXXXX emergencyOnly=false combinedLabel=dd-wrtxxxxXXXXxxxxXXXX mAirplaneMode=false mDataActivity=0 mPhoneSignalIconId=0x7f020353 mDataDirectionIconId=0x0 mDataSignalIconId=0x7f020353 mDataTypeIconId=0x0 mNoSimIconId=0x0 mThirdTypeIconId=0x0 mWifiIconId=0x7f0203a4 mBluetoothTetherIconId=0x108054f
D/PowerManagerService(  562): acquireWakeLock flags=0x1 tag=AlarmManager
W/ThrottleService(  562): unable to find stats for iface rmnet_usb0
D/PowerManagerService(  562): releaseWakeLock flags=0x1 tag=AlarmManager
D/StatusBar.NetworkController(  760): onSignalStrengthsChanged signalStrength=SignalStrength: 99 0 -98 -70 -120 -1 -1 12 -112 -10 62 2147483647 2147483647 gsm|lte 14 level=3
D/StatusBar.NetworkController(  760): refreshViews connected={ wifi } level=3 combinedSignalIconId=0x7f0203a4/com.android.systemui:drawable/stat_sys_wifi_signal_4_fully combinedActivityIconId=0x0 mobileLabel=Sprint wifiLabel=dd-wrtxxxxXXXXxxxxXXXX emergencyOnly=false combinedLabel=dd-wrtxxxxXXXXxxxxXXXX mAirplaneMode=false mDataActivity=0 mPhoneSignalIconId=0x7f020353 mDataDirectionIconId=0x0 mDataSignalIconId=0x7f020353 mDataTypeIconId=0x0 mNoSimIconId=0x0 mThirdTypeIconId=0x0 mWifiIconId=0x7f0203a4 mBluetoothTetherIconId=0x108054f
D/PowerManagerService(  562): acquireWakeLock flags=0x1 tag=AlarmManager
D/PowerManagerService(  562): acquireWakeLock flags=0x1 tag=SyncManagerHandleSyncAlarm
D/PowerManagerService(  562): releaseWakeLock flags=0x1 tag=AlarmManager
D/PowerManagerService(  562): acquireWakeLock flags=0x1 tag=SyncLoopWakeLock
D/PowerManagerService(  562): releaseWakeLock flags=0x1 tag=SyncManagerHandleSyncAlarm
D/PowerManagerService(  562): releaseWakeLock flags=0x1 tag=SyncLoopWakeLock
D/StatusBar.NetworkController(  760): onSignalStrengthsChanged signalStrength=SignalStrength: 99 0 -98 -70 -120 -1 -1 12 -113 -10 54 2147483647 2147483647 gsm|lte 14 level=3
D/StatusBar.NetworkController(  760): refreshViews connected={ wifi } level=3 combinedSignalIconId=0x7f0203a4/com.android.systemui:drawable/stat_sys_wifi_signal_4_fully combinedActivityIconId=0x0 mobileLabel=Sprint wifiLabel=dd-wrtxxxxXXXXxxxxXXXX emergencyOnly=false combinedLabel=dd-wrtxxxxXXXXxxxxXXXX mAirplaneMode=false mDataActivity=0 mPhoneSignalIconId=0x7f020353 mDataDirectionIconId=0x0 mDataSignalIconId=0x7f020353 mDataTypeIconId=0x0 mNoSimIconId=0x0 mThirdTypeIconId=0x0 mWifiIconId=0x7f0203a4 mBluetoothTetherIconId=0x108054f
D/StatusBar.NetworkController(  760): refreshViews connected={ wifi } level=3 combinedSignalIconId=0x7f0203a4/com.android.systemui:drawable/stat_sys_wifi_signal_4_fully combinedActivityIconId=0x7f020399 mobileLabel=Sprint wifiLabel=dd-wrtxxxxXXXXxxxxXXXX emergencyOnly=false combinedLabel=dd-wrtxxxxXXXXxxxxXXXX mAirplaneMode=false mDataActivity=0 mPhoneSignalIconId=0x7f020353 mDataDirectionIconId=0x0 mDataSignalIconId=0x7f020353 mDataTypeIconId=0x0 mNoSimIconId=0x0 mThirdTypeIconId=0x0 mWifiIconId=0x7f0203a4 mBluetoothTetherIconId=0x108054f
D/StatusBar.NetworkController(  760): changing data overlay icon id to 2130838425
D/StatusBar.NetworkController(  760): onSignalStrengthsChanged signalStrength=SignalStrength: 99 0 -102 -100 -120 -1 -1 12 -113 -10 54 2147483647 2147483647 gsm|lte 14 level=2
D/StatusBar.NetworkController(  760): refreshViews connected={ wifi } level=2 combinedSignalIconId=0x7f0203a4/com.android.systemui:drawable/stat_sys_wifi_signal_4_fully combinedActivityIconId=0x7f020399 mobileLabel=Sprint wifiLabel=dd-wrtxxxxXXXXxxxxXXXX emergencyOnly=false combinedLabel=dd-wrtxxxxXXXXxxxxXXXX mAirplaneMode=false mDataActivity=0 mPhoneSignalIconId=0x7f02034b mDataDirectionIconId=0x0 mDataSignalIconId=0x7f02034b mDataTypeIconId=0x0 mNoSimIconId=0x0 mThirdTypeIconId=0x0 mWifiIconId=0x7f0203a4 mBluetoothTetherIconId=0x108054f
D/StatusBar.NetworkController(  760): refreshViews connected={ wifi } level=2 combinedSignalIconId=0x7f0203a4/com.android.systemui:drawable/stat_sys_wifi_signal_4_fully combinedActivityIconId=0x0 mobileLabel=Sprint wifiLabel=dd-wrtxxxxXXXXxxxxXXXX emergencyOnly=false combinedLabel=dd-wrtxxxxXXXXxxxxXXXX mAirplaneMode=false mDataActivity=0 mPhoneSignalIconId=0x7f02034b mDataDirectionIconId=0x0 mDataSignalIconId=0x7f02034b mDataTypeIconId=0x0 mNoSimIconId=0x0 mThirdTypeIconId=0x0 mWifiIconId=0x7f0203a4 mBluetoothTetherIconId=0x108054f
D/StatusBar.NetworkController(  760): changing data overlay icon id to 0
D/StatusBar.NetworkController(  760): onSignalStrengthsChanged signalStrength=SignalStrength: 99 0 -102 -100 -120 -1 -1 13 -114 -13 46 2147483647 2147483647 gsm|lte 14 level=2
D/StatusBar.NetworkController(  760): refreshViews connected={ wifi } level=2 combinedSignalIconId=0x7f0203a4/com.android.systemui:drawable/stat_sys_wifi_signal_4_fully combinedActivityIconId=0x0 mobileLabel=Sprint wifiLabel=dd-wrtxxxxXXXXxxxxXXXX emergencyOnly=false combinedLabel=dd-wrtxxxxXXXXxxxxXXXX mAirplaneMode=false mDataActivity=0 mPhoneSignalIconId=0x7f02034b mDataDirectionIconId=0x0 mDataSignalIconId=0x7f02034b mDataTypeIconId=0x0 mNoSimIconId=0x0 mThirdTypeIconId=0x0 mWifiIconId=0x7f0203a4 mBluetoothTetherIconId=0x108054f
D/PowerManagerService(  562): setPowerState: mPowerState=7 newState=7 noChangeLights=false
D/PowerManagerService(  562):   oldKeyboardBright=false newKeyboardBright=false
D/PowerManagerService(  562):   oldScreenBright=true newScreenBright=true
D/PowerManagerService(  562):   oldButtonBright=true newButtonBright=true
D/PowerManagerService(  562):   oldScreenOn=true newScreenOn=true
D/PowerManagerService(  562):   oldBatteryLow=false newBatteryLow=false
I/PowerManagerService(  562): _ABS_ mABSEnabled=true  mAutoBrightessEnabledfalse   mLightValue4ABS-1000  mAbsState=0  mAbsCurValue=0
D/PowerManagerService(  562): setPowerState: mPowerState=7 newState=1031 noChangeLights=false
D/PowerManagerService(  562):   oldKeyboardBright=false newKeyboardBright=false
D/PowerManagerService(  562):   oldScreenBright=true newScreenBright=true
D/PowerManagerService(  562):   oldButtonBright=true newButtonBright=true
D/PowerManagerService(  562):   oldScreenOn=true newScreenOn=true
D/PowerManagerService(  562):   oldBatteryLow=false newBatteryLow=false
D/PowerManagerService(  562): offMask=0x0 dimMask=0x0 onMask=0x0 difference=0x400 realDifference=0x400 forceState=0x0
D/PowerManagerService(  562): setPowerState: mPowerState=1031 newState=0 noChangeLights=false
D/PowerManagerService(  562):   oldKeyboardBright=false newKeyboardBright=false
D/PowerManagerService(  562):   oldScreenBright=true newScreenBright=false
D/PowerManagerService(  562):   oldButtonBright=true newButtonBright=false
D/PowerManagerService(  562):   oldScreenOn=true newScreenOn=false
D/PowerManagerService(  562):   oldBatteryLow=false newBatteryLow=false
V/PowerManagerService(  562): Set brightness: 202
D/PowerManagerService(  562): offMask=0x4 dimMask=0x0 onMask=0x0 difference=0x407 realDifference=0x407 forceState=0x0
V/PowerManagerService(  562): Set brightness: 200
V/PowerManagerService(  562): Set brightness: 170
V/PowerManagerService(  562): Set brightness: 140
V/PowerManagerService(  562): Set brightness: 109
V/PowerManagerService(  562): Set brightness: 79
V/PowerManagerService(  562): Set brightness: 49
V/PowerManagerService(  562): Set brightness: 19
V/PowerManagerService(  562): Set brightness: 0
I/PowerManagerService(  562): dsdr state : -1
I/LightsService(  562): turnOff mId:2 mFlashing:false
I/LightsService(  562): turnOff mId:1 mFlashing:false
D/PowerManagerService(  562): acquireWakeLock flags=0x1 tag=sleep_broadcast
D/PowerManagerService(  562): acquireWakeLock flags=0x1 tag=ActivityManager-Sleep
D/PowerManagerService(  562): releaseWakeLock flags=0x1 tag=ActivityManager-Sleep
D/PowerManagerService(  562): lcdStateChanged, mBatteryStatus :5 lcdOn : false
D/PowerManagerService(  562): turnOnLED getLightState()=0
D/PowerManagerService(  562): acquireWakeLock flags=0x1 tag=RILJ
D/PowerManagerService(  562): releaseWakeLock flags=0x1 tag=RILJ
D/PowerManagerService(  562): acquireWakeLock flags=0x1 tag=NfcService:mRoutingWakeLock
D/PowerManagerService(  562): acquireWakeLock flags=0x1 tag=WifiSuspend
D/PowerManagerService(  562): releaseWakeLock flags=0x1 tag=WifiSuspend
D/PowerManagerService(  562): releaseWakeLock flags=0x1 tag=sleep_broadcast
D/PowerManagerService(  562): releaseWakeLock flags=0x1 tag=NfcService:mRoutingWakeLock
D/WindowManager(  562): interceptKeyTq keycode=26 screenIsOn=false keyguardActive=false
D/PowerManagerService(  562): userActivity mLastEventTime=689773 time=725336 mUserActivityAllowed=true mUserState=0x0 mWakeLockState=0x0 mProximitySensorActive=false timeoutOverride=-1 force=false
D/PowerManagerService(  562): setPowerState: mPowerState=0 newState=7 noChangeLights=false
D/PowerManagerService(  562):   oldKeyboardBright=false newKeyboardBright=false
D/PowerManagerService(  562):   oldScreenBright=false newScreenBright=true
D/PowerManagerService(  562):   oldButtonBright=false newButtonBright=true
D/PowerManagerService(  562):   oldScreenOn=false newScreenOn=true
D/PowerManagerService(  562):   oldBatteryLow=false newBatteryLow=false
I/PowerManagerService(  562): dsdr state : -1
D/PowerManagerService(  562): acquireWakeLock flags=0x1 tag=sleep_broadcast
I/PowerManagerService(  562): updateLights: delaying screen on due to notification queue
D/PowerManagerService(  562): offMask=0x0 dimMask=0x0 onMask=0x4 difference=0x4 realDifference=0x4 forceState=0x0
D/PowerManagerService(  562): lcdStateChanged, mBatteryStatus :5 lcdOn : true
D/PowerManagerService(  562): turnOffLED getLightState()=1
I/WindowManager(  562): No lock screen!
V/PowerManagerService(  562): Set brightness: 0
D/PowerManagerService(  562): offMask=0x0 dimMask=0x0 onMask=0x0 difference=0x1 realDifference=0x0 forceState=0x1
V/PowerManagerService(  562): Set brightness: 4
V/PowerManagerService(  562): Set brightness: 17
V/PowerManagerService(  562): Set brightness: 31
V/PowerManagerService(  562): Set brightness: 45
D/WindowManager(  562): interceptKeyTq keycode=26 screenIsOn=true keyguardActive=false
D/PowerManagerService(  562): acquireWakeLock flags=0x1 tag=RILJ
V/PowerManagerService(  562): Set brightness: 59
D/PowerManagerService(  562): releaseWakeLock flags=0x1 tag=RILJ
D/PowerManagerService(  562): acquireWakeLock flags=0x1 tag=NfcService:mRoutingWakeLock
V/PowerManagerService(  562): Set brightness: 73
V/PowerManagerService(  562): Set brightness: 85
D/PowerManagerService(  562): releaseWakeLock flags=0x1 tag=NfcService:mRoutingWakeLock
V/PowerManagerService(  562): Set brightness: 100
D/PowerManagerService(  562): acquireWakeLock flags=0x1 tag=SyncLoopWakeLock
V/PowerManagerService(  562): Set brightness: 113
D/PowerManagerService(  562): acquireWakeLock flags=0x1 tag=*sync*_com.lge.sizechangable.weather.provider.forecast.cp.accu_Account {name=Weather, type=com.lge.android.weather.sync}
D/PowerManagerService(  562): releaseWakeLock flags=0x1 tag=sleep_broadcast
D/PowerManagerService(  562): releaseWakeLock flags=0x1 tag=SyncLoopWakeLock
D/PowerManagerService(  562): acquireWakeLock flags=0x1 tag=SyncLoopWakeLock
D/PowerManagerService(  562): releaseWakeLock flags=0x1 tag=SyncLoopWakeLock
D/PowerManagerService(  562): acquireWakeLock flags=0x1 tag=SyncLoopWakeLock
D/PowerManagerService(  562): releaseWakeLock flags=0x1 tag=*sync*_com.lge.sizechangable.weather.provider.forecast.cp.accu_Account {name=Weather, type=com.lge.android.weather.sync}
D/PowerManagerService(  562): releaseWakeLock flags=0x1 tag=SyncLoopWakeLock
V/PowerManagerService(  562): Set brightness: 164
D/PowerManagerService(  562): acquireWakeLock flags=0x1 tag=RILJ
D/PowerManagerService(  562): acquireWakeLock flags=0x1 tag=RILJ
D/PowerManagerService(  562): acquireWakeLock flags=0x1 tag=RILJ
V/PowerManagerService(  562): Set brightness: 196
D/PowerManagerService(  562): releaseWakeLock flags=0x1 tag=RILJ
D/CarrierLabel(  760): updateNetworkName showSpn=false spn= showPlmn=true plmn=Sprint
D/StatusBar.NetworkController(  760): onServiceStateChanged state=0
D/StatusBar.NetworkController(  760): Combining data service state0for signal
D/PowerManagerService(  562): acquireWakeLock flags=0x1 tag=DataTracker-FD
D/PowerManagerService(  562): releaseWakeLock flags=0x1 tag=DataTracker-FD
D/StatusBar.NetworkController(  760): refreshViews connected={ wifi } level=2 combinedSignalIconId=0x7f0203a4/com.android.systemui:drawable/stat_sys_wifi_signal_4_fully combinedActivityIconId=0x0 mobileLabel=Sprint wifiLabel=dd-wrtxxxxXXXXxxxxXXXX emergencyOnly=false combinedLabel=dd-wrtxxxxXXXXxxxxXXXX mAirplaneMode=false mDataActivity=0 mPhoneSignalIconId=0x7f02034b mDataDirectionIconId=0x0 mDataSignalIconId=0x7f02034b mDataTypeIconId=0x0 mNoSimIconId=0x0 mThirdTypeIconId=0x0 mWifiIconId=0x7f0203a4 mBluetoothTetherIconId=0x108054f
V/PowerManagerService(  562): Set brightness: 202
D/ConnectivityService(  562): getMobileDataEnabled returning true
D/StatusBar.NetworkController(  760): onSignalStrengthsChanged signalStrength=SignalStrength: 99 0 -102 -100 -120 -1 -1 13 -114 -13 54 2147483647 2147483647 gsm|lte 14 level=2
D/StatusBar.NetworkController(  760): refreshViews connected={ wifi } level=2 combinedSignalIconId=0x7f0203a4/com.android.systemui:drawable/stat_sys_wifi_signal_4_fully combinedActivityIconId=0x0 mobileLabel=Sprint wifiLabel=dd-wrtxxxxXXXXxxxxXXXX emergencyOnly=false combinedLabel=dd-wrtxxxxXXXXxxxxXXXX mAirplaneMode=false mDataActivity=0 mPhoneSignalIconId=0x7f02034b mDataDirectionIconId=0x0 mDataSignalIconId=0x7f02034b mDataTypeIconId=0x0 mNoSimIconId=0x0 mThirdTypeIconId=0x0 mWifiIconId=0x7f0203a4 mBluetoothTetherIconId=0x108054f
D/PowerManagerService(  562): userActivity mLastEventTime=725336 time=726158 mUserActivityAllowed=true mUserState=0x7 mWakeLockState=0x0 mProximitySensorActive=false timeoutOverride=-1 force=false
I/ViewRootImpl( 5007): ViewRoot's MotionEvent : Down
I/ViewRootImpl( 5007): ViewRoot's MotionEvent : Up
D/PowerManagerService(  562): acquireWakeLock flags=0x1 tag=AudioOut_2
D/WindowManager(  562): [DSDR] mDualScreenActivated=false mDualScreenConnected=false
D/PowerManagerService(  562): acquireWakeLock flags=0x1 tag=AlarmManager
D/PowerManagerService(  562): releaseWakeLock flags=0x1 tag=AlarmManager
D/StatusBar.NetworkController(  760): onSignalStrengthsChanged signalStrength=SignalStrength: 99 0 -102 -110 -120 -1 -1 13 -115 -14 42 2147483647 2147483647 gsm|lte 14 level=2
D/StatusBar.NetworkController(  760): refreshViews connected={ wifi } level=2 combinedSignalIconId=0x7f0203a4/com.android.systemui:drawable/stat_sys_wifi_signal_4_fully combinedActivityIconId=0x0 mobileLabel=Sprint wifiLabel=dd-wrtxxxxXXXXxxxxXXXX emergencyOnly=false combinedLabel=dd-wrtxxxxXXXXxxxxXXXX mAirplaneMode=false mDataActivity=0 mPhoneSignalIconId=0x7f02034b mDataDirectionIconId=0x0 mDataSignalIconId=0x7f02034b mDataTypeIconId=0x0 mNoSimIconId=0x0 mThirdTypeIconId=0x0 mWifiIconId=0x7f0203a4 mBluetoothTetherIconId=0x108054f
D/PowerManagerService(  562): releaseWakeLock flags=0x1 tag=AudioOut_2
D/StatusBar.NetworkController(  760): onSignalStrengthsChanged signalStrength=SignalStrength: 99 0 -102 -110 -120 -1 -1 11 -119 -15 -2 2147483647 2147483647 gsm|lte 14 level=2
D/StatusBar.NetworkController(  760): refreshViews connected={ wifi } level=2 combinedSignalIconId=0x7f0203a4/com.android.systemui:drawable/stat_sys_wifi_signal_4_fully combinedActivityIconId=0x0 mobileLabel=Sprint wifiLabel=dd-wrtxxxxXXXXxxxxXXXX emergencyOnly=false combinedLabel=dd-wrtxxxxXXXXxxxxXXXX mAirplaneMode=false mDataActivity=0 mPhoneSignalIconId=0x7f02034b mDataDirectionIconId=0x0 mDataSignalIconId=0x7f02034b mDataTypeIconId=0x0 mNoSimIconId=0x0 mThirdTypeIconId=0x0 mWifiIconId=0x7f0203a4 mBluetoothTetherIconId=0x108054f
D/PowerManagerService(  562): userActivity mLastEventTime=726158 time=732036 mUserActivityAllowed=true mUserState=0x7 mWakeLockState=0x0 mProximitySensorActive=false timeoutOverride=-1 force=false
I/ViewRootImpl( 5007): ViewRoot's MotionEvent : Down
I/ViewRootImpl( 5007): ViewRoot's MotionEvent : Up
D/PowerManagerService(  562): acquireWakeLock flags=0x1 tag=AudioOut_2
D/WindowManager(  562): [DSDR] mDualScreenActivated=false mDualScreenConnected=false
D/PowerManagerService(  562): acquireWakeLock flags=0x2000000a tag=KEEP_SCREEN_ON_FLAG
D/PowerManagerService(  562): here mUserState=0x7 mLocks.gatherState()=0x3 mWakeLockState=0x0
W/InputMethodManagerService(  562): Window already focused, ignoring focus gain of: com.android.internal.view.IInputMethodClient$Stub$Proxy@43046480 attribute=android.view.inputmethod.EditorInfo@4305dfb8
D/PowerManagerService(  562): userActivity mLastEventTime=732036 time=732692 mUserActivityAllowed=true mUserState=0x7 mWakeLockState=0x3 mProximitySensorActive=false timeoutOverride=-1 force=false
I/ViewRootImpl( 5007): ViewRoot's MotionEvent : Down
I/ViewRootImpl( 5007): ViewRoot's MotionEvent : Up
D/WindowManager(  562): [DSDR] mDualScreenActivated=false mDualScreenConnected=false
D/PowerManagerService(  562): userActivity mLastEventTime=732692 time=733443 mUserActivityAllowed=true mUserState=0x7 mWakeLockState=0x3 mProximitySensorActive=false timeoutOverride=-1 force=false
I/ViewRootImpl( 5007): ViewRoot's MotionEvent : Down
I/ViewRootImpl( 5007): ViewRoot's MotionEvent : Up
D/WindowManager(  562): [DSDR] mDualScreenActivated=false mDualScreenConnected=false
D/PowerManagerService(  562): acquireWakeLock flags=0x1 tag=DownloadManager
D/PhoneStatusBar(  760): addNotification score=0
D/PhoneStatusBar(  760): setAreThereNotifications: N=8 any=true clearable=true
D/PowerManagerService(  562): acquireWakeLock flags=0x1 tag=DownloadManager
D/PowerManagerService(  562): acquireWakeLock flags=0x1 tag=DownloadManager
D/PhoneStatusBar(  760): setAreThereNotifications: N=8 any=true clearable=true
D/PhoneStatusBar(  760): setAreThereNotifications: N=8 any=true clearable=true
D/StatusBar.NetworkController(  760): onSignalStrengthsChanged signalStrength=SignalStrength: 99 0 -102 -95 -120 -1 -1 14 -112 -13 54 2147483647 2147483647 gsm|lte 14 level=2
D/StatusBar.NetworkController(  760): refreshViews connected={ wifi } level=2 combinedSignalIconId=0x7f0203a4/com.android.systemui:drawable/stat_sys_wifi_signal_4_fully combinedActivityIconId=0x0 mobileLabel=Sprint wifiLabel=dd-wrtxxxxXXXXxxxxXXXX emergencyOnly=false combinedLabel=dd-wrtxxxxXXXXxxxxXXXX mAirplaneMode=false mDataActivity=0 mPhoneSignalIconId=0x7f02034b mDataDirectionIconId=0x0 mDataSignalIconId=0x7f02034b mDataTypeIconId=0x0 mNoSimIconId=0x0 mThirdTypeIconId=0x0 mWifiIconId=0x7f0203a4 mBluetoothTetherIconId=0x108054f
D/PhoneStatusBar(  760): setAreThereNotifications: N=8 any=true clearable=true
D/PhoneStatusBar(  760): setAreThereNotifications: N=8 any=true clearable=true
D/StatusBar.NetworkController(  760): refreshViews connected={ wifi } level=2 combinedSignalIconId=0x7f0203a4/com.android.systemui:drawable/stat_sys_wifi_signal_4_fully combinedActivityIconId=0x7f02039a mobileLabel=Sprint wifiLabel=dd-wrtxxxxXXXXxxxxXXXX emergencyOnly=false combinedLabel=dd-wrtxxxxXXXXxxxxXXXX mAirplaneMode=false mDataActivity=0 mPhoneSignalIconId=0x7f02034b mDataDirectionIconId=0x0 mDataSignalIconId=0x7f02034b mDataTypeIconId=0x0 mNoSimIconId=0x0 mThirdTypeIconId=0x0 mWifiIconId=0x7f0203a4 mBluetoothTetherIconId=0x108054f
D/StatusBar.NetworkController(  760): changing data overlay icon id to 2130838426
D/PhoneStatusBar(  760): setAreThereNotifications: N=8 any=true clearable=true
D/PhoneStatusBar(  760): setAreThereNotifications: N=8 any=true clearable=true
D/PowerManagerService(  562): userActivity mLastEventTime=733443 time=734644 mUserActivityAllowed=true mUserState=0x7 mWakeLockState=0x3 mProximitySensorActive=false timeoutOverride=-1 force=false
D/PowerManagerService(  562): releaseWakeLock flags=0x2000000a tag=KEEP_SCREEN_ON_FLAG
D/PowerManagerService(  562): userActivity mLastEventTime=734644 time=734644 mUserActivityAllowed=true mUserState=0x7 mWakeLockState=0x0 mProximitySensorActive=false timeoutOverride=-1 force=false
D/PhoneStatusBar(  760): setAreThereNotifications: N=8 any=true clearable=true
D/PowerManagerService(  562): releaseWakeLock flags=0x1 tag=DownloadManager
I/ActivityManager(  562): START {flg=0x34800000 cmp=edu.shell.freegee/.FreeGee (has extras) u=0} from pid 5007
D/WindowManager(  562): [DSDR] mDualScreenActivated=false mDualScreenConnected=false
D/PhoneStatusBar(  760): setAreThereNotifications: N=8 any=true clearable=true
D/WindowManager(  562): [DSDR] mDualScreenActivated=false mDualScreenConnected=false
D/PowerManagerService(  562): acquireWakeLock flags=0x2000000a tag=KEEP_SCREEN_ON_FLAG
D/PowerManagerService(  562): here mUserState=0x7 mLocks.gatherState()=0x3 mWakeLockState=0x0
D/NotificationService(  562): cancelNotificationLocked | lightsSize : 0| r.pkg :com.android.providers.downloads
D/NotificationService(  562): updateLightsLocked() start. mLights.size : 0
I/LightsService(  562): turnOff mId:4 mFlashing:false
D/NotificationService(  562): Registered LED notification number=0
D/PhoneStatusBar(  760): setAreThereNotifications: N=7 any=true clearable=true
D/PhoneStatusBar(  760): addNotification score=0
D/PhoneStatusBar(  760): setAreThereNotifications: N=8 any=true clearable=true
D/PhoneStatusBar(  760): setAreThereNotifications: N=8 any=true clearable=true
D/PhoneStatusBar(  760): setAreThereNotifications: N=8 any=true clearable=true
D/NetdConnector(  562): RCV <- {601 limit alert globalAlert wlan0}
D/PowerManagerService(  562): acquireWakeLock flags=0x1 tag=NetworkStats
D/PowerManagerService(  562): releaseWakeLock flags=0x1 tag=NetworkStats
D/NetdConnector(  562): SND -> {31 bandwidth setglobalalert 2097152}
D/NetdConnector(  562): RCV <- {200 31 Bandwidth command succeeeded}
D/MobileDataStateTracker(  562): default: setPolicyDataEnable(enabled=true)
D/NetdConnector(  562): RMV <- {200 31 Bandwidth command succeeeded}
D/PowerManagerService(  562): releaseWakeLock flags=0x1 tag=DownloadManager
I/ActivityManager(  562): START {flg=0x34800000 cmp=edu.shell.freegee/.FreeGee (has extras) u=0} from pid 5007
D/PhoneStatusBar(  760): setAreThereNotifications: N=8 any=true clearable=true
D/NotificationService(  562): cancelNotificationLocked | lightsSize : 0| r.pkg :com.android.providers.downloads
D/NotificationService(  562): updateLightsLocked() start. mLights.size : 0
I/LightsService(  562): turnOff mId:4 mFlashing:false
D/NotificationService(  562): Registered LED notification number=0
D/PhoneStatusBar(  760): setAreThereNotifications: N=7 any=true clearable=true
D/PhoneStatusBar(  760): addNotification score=0
D/PhoneStatusBar(  760): setAreThereNotifications: N=8 any=true clearable=true
D/PhoneStatusBar(  760): setAreThereNotifications: N=8 any=true clearable=true
D/PhoneStatusBar(  760): setAreThereNotifications: N=8 any=true clearable=true
D/PhoneStatusBar(  760): setAreThereNotifications: N=8 any=true clearable=true
D/PowerManagerService(  562): releaseWakeLock flags=0x1 tag=AudioOut_2
D/PhoneStatusBar(  760): setAreThereNotifications: N=8 any=true clearable=true
D/NetdConnector(  562): RCV <- {601 limit alert globalAlert wlan0}
D/PowerManagerService(  562): acquireWakeLock flags=0x1 tag=NetworkStats
D/MobileDataStateTracker(  562): default: setPolicyDataEnable(enabled=true)
D/PowerManagerService(  562): releaseWakeLock flags=0x1 tag=NetworkStats
D/NetdConnector(  562): SND -> {32 bandwidth setglobalalert 2097152}
D/NetdConnector(  562): RCV <- {200 32 Bandwidth command succeeeded}
D/NetdConnector(  562): RMV <- {200 32 Bandwidth command succeeeded}
D/PowerManagerService(  562): userActivity mLastEventTime=734644 time=739179 mUserActivityAllowed=true mUserState=0x7 mWakeLockState=0x3 mProximitySensorActive=false timeoutOverride=-1 force=false
D/PowerManagerService(  562): releaseWakeLock flags=0x2000000a tag=KEEP_SCREEN_ON_FLAG
D/PowerManagerService(  562): userActivity mLastEventTime=739179 time=739180 mUserActivityAllowed=true mUserState=0x7 mWakeLockState=0x0 mProximitySensorActive=false timeoutOverride=-1 force=false
D/PhoneStatusBar(  760): setAreThereNotifications: N=8 any=true clearable=true
D/PhoneStatusBar(  760): setAreThereNotifications: N=8 any=true clearable=true
D/NetdConnector(  562): RCV <- {601 limit alert globalAlert wlan0}
D/PowerManagerService(  562): acquireWakeLock flags=0x1 tag=NetworkStats
D/MobileDataStateTracker(  562): default: setPolicyDataEnable(enabled=true)
D/PowerManagerService(  562): releaseWakeLock flags=0x1 tag=NetworkStats
D/NetdConnector(  562): SND -> {33 bandwidth setglobalalert 2097152}
D/NetdConnector(  562): RCV <- {200 33 Bandwidth command succeeeded}
D/NetdConnector(  562): RMV <- {200 33 Bandwidth command succeeeded}
D/StatusBar.NetworkController(  760): onSignalStrengthsChanged signalStrength=SignalStrength: 99 0 -102 -95 -120 -1 -1 14 -113 -14 60 2147483647 2147483647 gsm|lte 14 level=2
D/StatusBar.NetworkController(  760): refreshViews connected={ wifi } level=2 combinedSignalIconId=0x7f0203a4/com.android.systemui:drawable/stat_sys_wifi_signal_4_fully combinedActivityIconId=0x7f02039a mobileLabel=Sprint wifiLabel=dd-wrtxxxxXXXXxxxxXXXX emergencyOnly=false combinedLabel=dd-wrtxxxxXXXXxxxxXXXX mAirplaneMode=false mDataActivity=0 mPhoneSignalIconId=0x7f02034b mDataDirectionIconId=0x0 mDataSignalIconId=0x7f02034b mDataTypeIconId=0x0 mNoSimIconId=0x0 mThirdTypeIconId=0x0 mWifiIconId=0x7f0203a4 mBluetoothTetherIconId=0x108054f
D/PhoneStatusBar(  760): setAreThereNotifications: N=8 any=true clearable=true
D/NetdConnector(  562): RCV <- {601 limit alert globalAlert wlan0}
D/PowerManagerService(  562): acquireWakeLock flags=0x1 tag=NetworkStats
D/MobileDataStateTracker(  562): default: setPolicyDataEnable(enabled=true)
D/PowerManagerService(  562): releaseWakeLock flags=0x1 tag=NetworkStats
D/NetdConnector(  562): SND -> {34 bandwidth setglobalalert 2097152}
D/NetdConnector(  562): RCV <- {200 34 Bandwidth command succeeeded}
D/NetdConnector(  562): RMV <- {200 34 Bandwidth command succeeeded}
D/PhoneStatusBar(  760): setAreThereNotifications: N=8 any=true clearable=true
D/StatusBar.NetworkController(  760): onSignalStrengthsChanged signalStrength=SignalStrength: 99 0 -101 -70 -120 -1 -1 14 -113 -14 60 2147483647 2147483647 gsm|lte 14 level=3
D/StatusBar.NetworkController(  760): refreshViews connected={ wifi } level=3 combinedSignalIconId=0x7f0203a4/com.android.systemui:drawable/stat_sys_wifi_signal_4_fully combinedActivityIconId=0x7f02039a mobileLabel=Sprint wifiLabel=dd-wrtxxxxXXXXxxxxXXXX emergencyOnly=false combinedLabel=dd-wrtxxxxXXXXxxxxXXXX mAirplaneMode=false mDataActivity=0 mPhoneSignalIconId=0x7f020353 mDataDirectionIconId=0x0 mDataSignalIconId=0x7f020353 mDataTypeIconId=0x0 mNoSimIconId=0x0 mThirdTypeIconId=0x0 mWifiIconId=0x7f0203a4 mBluetoothTetherIconId=0x108054f
D/NetdConnector(  562): RCV <- {601 limit alert globalAlert wlan0}
D/PowerManagerService(  562): acquireWakeLock flags=0x1 tag=NetworkStats
D/MobileDataStateTracker(  562): default: setPolicyDataEnable(enabled=true)
D/PowerManagerService(  562): releaseWakeLock flags=0x1 tag=NetworkStats
D/NetdConnector(  562): SND -> {35 bandwidth setglobalalert 2097152}
D/NetdConnector(  562): RCV <- {200 35 Bandwidth command succeeeded}
D/NetdConnector(  562): RMV <- {200 35 Bandwidth command succeeeded}
D/StatusBar.NetworkController(  760): onSignalStrengthsChanged signalStrength=SignalStrength: 99 0 -101 -70 -120 -1 -1 12 -113 -9 46 2147483647 2147483647 gsm|lte 14 level=3
D/StatusBar.NetworkController(  760): refreshViews connected={ wifi } level=3 combinedSignalIconId=0x7f0203a4/com.android.systemui:drawable/stat_sys_wifi_signal_4_fully combinedActivityIconId=0x7f02039a mobileLabel=Sprint wifiLabel=dd-wrtxxxxXXXXxxxxXXXX emergencyOnly=false combinedLabel=dd-wrtxxxxXXXXxxxxXXXX mAirplaneMode=false mDataActivity=0 mPhoneSignalIconId=0x7f020353 mDataDirectionIconId=0x0 mDataSignalIconId=0x7f020353 mDataTypeIconId=0x0 mNoSimIconId=0x0 mThirdTypeIconId=0x0 mWifiIconId=0x7f0203a4 mBluetoothTetherIconId=0x108054f
D/PowerManagerService(  562): releaseWakeLock flags=0x1 tag=DownloadManager
I/ActivityManager(  562): START {flg=0x34800000 cmp=edu.shell.freegee/.FreeGee (has extras) u=0} from pid 5007
D/PhoneStatusBar(  760): setAreThereNotifications: N=8 any=true clearable=true
D/NotificationService(  562): cancelNotificationLocked | lightsSize : 0| r.pkg :com.android.providers.downloads
D/NotificationService(  562): updateLightsLocked() start. mLights.size : 0
I/LightsService(  562): turnOff mId:4 mFlashing:false
D/NotificationService(  562): Registered LED notification number=0
D/PhoneStatusBar(  760): setAreThereNotifications: N=7 any=true clearable=true
D/StatusBar.NetworkController(  760): refreshViews connected={ wifi } level=3 combinedSignalIconId=0x7f0203a4/com.android.systemui:drawable/stat_sys_wifi_signal_4_fully combinedActivityIconId=0x7f020399 mobileLabel=Sprint wifiLabel=dd-wrtxxxxXXXXxxxxXXXX emergencyOnly=false combinedLabel=dd-wrtxxxxXXXXxxxxXXXX mAirplaneMode=false mDataActivity=0 mPhoneSignalIconId=0x7f020353 mDataDirectionIconId=0x0 mDataSignalIconId=0x7f020353 mDataTypeIconId=0x0 mNoSimIconId=0x0 mThirdTypeIconId=0x0 mWifiIconId=0x7f0203a4 mBluetoothTetherIconId=0x108054f
D/StatusBar.NetworkController(  760): changing data overlay icon id to 2130838425
D/StatusBar.NetworkController(  760): refreshViews connected={ wifi } level=3 combinedSignalIconId=0x7f0203a4/com.android.systemui:drawable/stat_sys_wifi_signal_4_fully combinedActivityIconId=0x0 mobileLabel=Sprint wifiLabel=dd-wrtxxxxXXXXxxxxXXXX emergencyOnly=false combinedLabel=dd-wrtxxxxXXXXxxxxXXXX mAirplaneMode=false mDataActivity=0 mPhoneSignalIconId=0x7f020353 mDataDirectionIconId=0x0 mDataSignalIconId=0x7f020353 mDataTypeIconId=0x0 mNoSimIconId=0x0 mThirdTypeIconId=0x0 mWifiIconId=0x7f0203a4 mBluetoothTetherIconId=0x108054f
D/StatusBar.NetworkController(  760): changing data overlay icon id to 0
D/StatusBar.NetworkController(  760): onSignalStrengthsChanged signalStrength=SignalStrength: 99 0 -102 -100 -120 -1 -1 12 -111 -8 74 2147483647 2147483647 gsm|lte 14 level=2
